Archive member included to satisfy reference by file (symbol)

/home/unclebob/st/stm32cubeide_1.14.0/plugins/com.st.stm32cube.ide.mcu.externaltools.gnu-tools-for-stm32.11.3.rel1.linux64_1.1.100.202309141235/tools/bin/../lib/gcc/arm-none-eabi/11.3.1/../../../../arm-none-eabi/lib/thumb/v7e-m+fp/hard/libc_nano.a(libc_a-exit.o)
                              /home/unclebob/st/stm32cubeide_1.14.0/plugins/com.st.stm32cube.ide.mcu.externaltools.gnu-tools-for-stm32.11.3.rel1.linux64_1.1.100.202309141235/tools/bin/../lib/gcc/arm-none-eabi/11.3.1/../../../../arm-none-eabi/lib/thumb/v7e-m+fp/hard/crt0.o (exit)
/home/unclebob/st/stm32cubeide_1.14.0/plugins/com.st.stm32cube.ide.mcu.externaltools.gnu-tools-for-stm32.11.3.rel1.linux64_1.1.100.202309141235/tools/bin/../lib/gcc/arm-none-eabi/11.3.1/../../../../arm-none-eabi/lib/thumb/v7e-m+fp/hard/libc_nano.a(libc_a-findfp.o)
                              /home/unclebob/st/stm32cubeide_1.14.0/plugins/com.st.stm32cube.ide.mcu.externaltools.gnu-tools-for-stm32.11.3.rel1.linux64_1.1.100.202309141235/tools/bin/../lib/gcc/arm-none-eabi/11.3.1/../../../../arm-none-eabi/lib/thumb/v7e-m+fp/hard/libc_nano.a(libc_a-exit.o) (__stdio_exit_handler)
/home/unclebob/st/stm32cubeide_1.14.0/plugins/com.st.stm32cube.ide.mcu.externaltools.gnu-tools-for-stm32.11.3.rel1.linux64_1.1.100.202309141235/tools/bin/../lib/gcc/arm-none-eabi/11.3.1/../../../../arm-none-eabi/lib/thumb/v7e-m+fp/hard/libc_nano.a(libc_a-fwalk.o)
                              /home/unclebob/st/stm32cubeide_1.14.0/plugins/com.st.stm32cube.ide.mcu.externaltools.gnu-tools-for-stm32.11.3.rel1.linux64_1.1.100.202309141235/tools/bin/../lib/gcc/arm-none-eabi/11.3.1/../../../../arm-none-eabi/lib/thumb/v7e-m+fp/hard/libc_nano.a(libc_a-findfp.o) (_fwalk_sglue)
/home/unclebob/st/stm32cubeide_1.14.0/plugins/com.st.stm32cube.ide.mcu.externaltools.gnu-tools-for-stm32.11.3.rel1.linux64_1.1.100.202309141235/tools/bin/../lib/gcc/arm-none-eabi/11.3.1/../../../../arm-none-eabi/lib/thumb/v7e-m+fp/hard/libc_nano.a(libc_a-stdio.o)
                              /home/unclebob/st/stm32cubeide_1.14.0/plugins/com.st.stm32cube.ide.mcu.externaltools.gnu-tools-for-stm32.11.3.rel1.linux64_1.1.100.202309141235/tools/bin/../lib/gcc/arm-none-eabi/11.3.1/../../../../arm-none-eabi/lib/thumb/v7e-m+fp/hard/libc_nano.a(libc_a-findfp.o) (__sread)
/home/unclebob/st/stm32cubeide_1.14.0/plugins/com.st.stm32cube.ide.mcu.externaltools.gnu-tools-for-stm32.11.3.rel1.linux64_1.1.100.202309141235/tools/bin/../lib/gcc/arm-none-eabi/11.3.1/../../../../arm-none-eabi/lib/thumb/v7e-m+fp/hard/libc_nano.a(libc_a-memset.o)
                              /home/unclebob/st/stm32cubeide_1.14.0/plugins/com.st.stm32cube.ide.mcu.externaltools.gnu-tools-for-stm32.11.3.rel1.linux64_1.1.100.202309141235/tools/bin/../lib/gcc/arm-none-eabi/11.3.1/../../../../arm-none-eabi/lib/thumb/v7e-m+fp/hard/crt0.o (memset)
/home/unclebob/st/stm32cubeide_1.14.0/plugins/com.st.stm32cube.ide.mcu.externaltools.gnu-tools-for-stm32.11.3.rel1.linux64_1.1.100.202309141235/tools/bin/../lib/gcc/arm-none-eabi/11.3.1/../../../../arm-none-eabi/lib/thumb/v7e-m+fp/hard/libc_nano.a(libc_a-closer.o)
                              /home/unclebob/st/stm32cubeide_1.14.0/plugins/com.st.stm32cube.ide.mcu.externaltools.gnu-tools-for-stm32.11.3.rel1.linux64_1.1.100.202309141235/tools/bin/../lib/gcc/arm-none-eabi/11.3.1/../../../../arm-none-eabi/lib/thumb/v7e-m+fp/hard/libc_nano.a(libc_a-stdio.o) (_close_r)
/home/unclebob/st/stm32cubeide_1.14.0/plugins/com.st.stm32cube.ide.mcu.externaltools.gnu-tools-for-stm32.11.3.rel1.linux64_1.1.100.202309141235/tools/bin/../lib/gcc/arm-none-eabi/11.3.1/../../../../arm-none-eabi/lib/thumb/v7e-m+fp/hard/libc_nano.a(libc_a-reent.o)
                              /home/unclebob/st/stm32cubeide_1.14.0/plugins/com.st.stm32cube.ide.mcu.externaltools.gnu-tools-for-stm32.11.3.rel1.linux64_1.1.100.202309141235/tools/bin/../lib/gcc/arm-none-eabi/11.3.1/../../../../arm-none-eabi/lib/thumb/v7e-m+fp/hard/libc_nano.a(libc_a-closer.o) (errno)
/home/unclebob/st/stm32cubeide_1.14.0/plugins/com.st.stm32cube.ide.mcu.externaltools.gnu-tools-for-stm32.11.3.rel1.linux64_1.1.100.202309141235/tools/bin/../lib/gcc/arm-none-eabi/11.3.1/../../../../arm-none-eabi/lib/thumb/v7e-m+fp/hard/libc_nano.a(libc_a-impure.o)
                              /home/unclebob/st/stm32cubeide_1.14.0/plugins/com.st.stm32cube.ide.mcu.externaltools.gnu-tools-for-stm32.11.3.rel1.linux64_1.1.100.202309141235/tools/bin/../lib/gcc/arm-none-eabi/11.3.1/../../../../arm-none-eabi/lib/thumb/v7e-m+fp/hard/libc_nano.a(libc_a-reent.o) (_impure_ptr)
/home/unclebob/st/stm32cubeide_1.14.0/plugins/com.st.stm32cube.ide.mcu.externaltools.gnu-tools-for-stm32.11.3.rel1.linux64_1.1.100.202309141235/tools/bin/../lib/gcc/arm-none-eabi/11.3.1/../../../../arm-none-eabi/lib/thumb/v7e-m+fp/hard/libc_nano.a(libc_a-lseekr.o)
[...]
Memory Configuration

Name             Origin             Length             Attributes
CCMRAM           0x0000000010000000 0x0000000000010000 xrw
RAM              0x0000000020000000 0x0000000000020000 xrw
FLASH            0x0000000008000000 0x0000000000100000 xr
*default*        0x0000000000000000 0xffffffffffffffff

Linker script and memory map

LOAD /home/unclebob/st/stm32cubeide_1.14.0/plugins/com.st.stm32cube.ide.mcu.externaltools.gnu-tools-for-stm32.11.3.rel1.linux64_1.1.100.202309141235/tools/bin/../lib/gcc/arm-none-eabi/11.3.1/thumb/v7e-m+fp/hard/crti.o
LOAD /home/unclebob/st/stm32cubeide_1.14.0/plugins/com.st.stm32cube.ide.mcu.externaltools.gnu-tools-for-stm32.11.3.rel1.linux64_1.1.100.202309141235/tools/bin/../lib/gcc/arm-none-eabi/11.3.1/thumb/v7e-m+fp/hard/crtbegin.o
LOAD /home/unclebob/st/stm32cubeide_1.14.0/plugins/com.st.stm32cube.ide.mcu.externaltools.gnu-tools-for-stm32.11.3.rel1.linux64_1.1.100.202309141235/tools/bin/../lib/gcc/arm-none-eabi/11.3.1/../../../../arm-none-eabi/lib/thumb/v7e-m+fp/hard/crt0.o
LOAD ./Core/Src/main.o
LOAD ./Core/Src/stm32f4xx_hal_msp.o
LOAD ./Core/Src/stm32f4xx_it.o
LOAD ./Core/Src/syscalls.o
LOAD ./Core/Src/sysmem.o
LOAD ./Core/Src/system_stm32f4xx.o
LOAD ./Core/Startup/startup_stm32f407vgtx.o
LOAD ./Drivers/STM32F4xx_HAL_Driver/Src/stm32f4xx_hal.o
LOAD ./Drivers/STM32F4xx_HAL_Driver/Src/stm32f4xx_hal_adc.o
LOAD ./Drivers/STM32F4xx_HAL_Driver/Src/stm32f4xx_hal_adc_ex.o
LOAD ./Drivers/STM32F4xx_HAL_Driver/Src/stm32f4xx_hal_cortex.o
LOAD ./Drivers/STM32F4xx_HAL_Driver/Src/stm32f4xx_hal_dma.o
LOAD ./Drivers/STM32F4xx_HAL_Driver/Src/stm32f4xx_hal_dma_ex.o
LOAD ./Drivers/STM32F4xx_HAL_Driver/Src/stm32f4xx_hal_exti.o
LOAD ./Drivers/STM32F4xx_HAL_Driver/Src/stm32f4xx_hal_flash.o
LOAD ./Drivers/STM32F4xx_HAL_Driver/Src/stm32f4xx_hal_flash_ex.o
LOAD ./Drivers/STM32F4xx_HAL_Driver/Src/stm32f4xx_hal_flash_ramfunc.o
LOAD ./Drivers/STM32F4xx_HAL_Driver/Src/stm32f4xx_hal_gpio.o
LOAD ./Drivers/STM32F4xx_HAL_Driver/Src/stm32f4xx_hal_pcd.o
LOAD ./Drivers/STM32F4xx_HAL_Driver/Src/stm32f4xx_hal_pcd_ex.o
LOAD ./Drivers/STM32F4xx_HAL_Driver/Src/stm32f4xx_hal_pwr.o
LOAD ./Drivers/STM32F4xx_HAL_Driver/Src/stm32f4xx_hal_pwr_ex.o
LOAD ./Drivers/STM32F4xx_HAL_Driver/Src/stm32f4xx_hal_rcc.o
LOAD ./Drivers/STM32F4xx_HAL_Driver/Src/stm32f4xx_hal_rcc_ex.o
LOAD ./Drivers/STM32F4xx_HAL_Driver/Src/stm32f4xx_hal_tim.o
LOAD ./Drivers/STM32F4xx_HAL_Driver/Src/stm32f4xx_hal_tim_ex.o
LOAD ./Drivers/STM32F4xx_HAL_Driver/Src/stm32f4xx_ll_adc.o
LOAD ./Drivers/STM32F4xx_HAL_Driver/Src/stm32f4xx_ll_usb.o
LOAD ./Middlewares/ST/STM32_USB_Device_Library/Class/CustomHID/Src/usbd_customhid.o
LOAD ./Middlewares/ST/STM32_USB_Device_Library/Core/Src/usbd_core.o
LOAD ./Middlewares/ST/STM32_USB_Device_Library/Core/Src/usbd_ctlreq.o
LOAD ./Middlewares/ST/STM32_USB_Device_Library/Core/Src/usbd_ioreq.o
LOAD ./USB_DEVICE/App/usb_device.o
LOAD ./USB_DEVICE/App/usbd_custom_hid_if.o
LOAD ./USB_DEVICE/App/usbd_desc.o
LOAD ./USB_DEVICE/Target/usbd_conf.o
START GROUP
LOAD /home/unclebob/st/stm32cubeide_1.14.0/plugins/com.st.stm32cube.ide.mcu.externaltools.gnu-tools-for-stm32.11.3.rel1.linux64_1.1.100.202309141235/tools/bin/../lib/gcc/arm-none-eabi/11.3.1/../../../../arm-none-eabi/lib/thumb/v7e-m+fp/hard/libc_nano.a
LOAD /home/unclebob/st/stm32cubeide_1.14.0/plugins/com.st.stm32cube.ide.mcu.externaltools.gnu-tools-for-stm32.11.3.rel1.linux64_1.1.100.202309141235/tools/bin/../lib/gcc/arm-none-eabi/11.3.1/../../../../arm-none-eabi/lib/thumb/v7e-m+fp/hard/libm.a
END GROUP
START GROUP
LOAD /home/unclebob/st/stm32cubeide_1.14.0/plugins/com.st.stm32cube.ide.mcu.externaltools.gnu-tools-for-stm32.11.3.rel1.linux64_1.1.100.202309141235/tools/bin/../lib/gcc/arm-none-eabi/11.3.1/thumb/v7e-m+fp/hard/libgcc.a
LOAD /home/unclebob/st/stm32cubeide_1.14.0/plugins/com.st.stm32cube.ide.mcu.externaltools.gnu-tools-for-stm32.11.3.rel1.linux64_1.1.100.202309141235/tools/bin/../lib/gcc/arm-none-eabi/11.3.1/../../../../arm-none-eabi/lib/thumb/v7e-m+fp/hard/libc_nano.a
END GROUP
START GROUP
LOAD /home/unclebob/st/stm32cubeide_1.14.0/plugins/com.st.stm32cube.ide.mcu.externaltools.gnu-tools-for-stm32.11.3.rel1.linux64_1.1.100.202309141235/tools/bin/../lib/gcc/arm-none-eabi/11.3.1/thumb/v7e-m+fp/hard/libgcc.a
LOAD /home/unclebob/st/stm32cubeide_1.14.0/plugins/com.st.stm32cube.ide.mcu.externaltools.gnu-tools-for-stm32.11.3.rel1.linux64_1.1.100.202309141235/tools/bin/../lib/gcc/arm-none-eabi/11.3.1/../../../../arm-none-eabi/lib/thumb/v7e-m+fp/hard/libc_nano.a
LOAD /home/unclebob/st/stm32cubeide_1.14.0/plugins/com.st.stm32cube.ide.mcu.externaltools.gnu-tools-for-stm32.11.3.rel1.linux64_1.1.100.202309141235/tools/bin/../lib/gcc/arm-none-eabi/11.3.1/../../../../arm-none-eabi/lib/thumb/v7e-m+fp/hard/libnosys.a
END GROUP
START GROUP
LOAD /home/unclebob/st/stm32cubeide_1.14.0/plugins/com.st.stm32cube.ide.mcu.externaltools.gnu-tools-for-stm32.11.3.rel1.linux64_1.1.100.202309141235/tools/bin/../lib/gcc/arm-none-eabi/11.3.1/thumb/v7e-m+fp/hard/libgcc.a
LOAD /home/unclebob/st/stm32cubeide_1.14.0/plugins/com.st.stm32cube.ide.mcu.externaltools.gnu-tools-for-stm32.11.3.rel1.linux64_1.1.100.202309141235/tools/bin/../lib/gcc/arm-none-eabi/11.3.1/../../../../arm-none-eabi/lib/thumb/v7e-m+fp/hard/libc_nano.a
LOAD /home/unclebob/st/stm32cubeide_1.14.0/plugins/com.st.stm32cube.ide.mcu.externaltools.gnu-tools-for-stm32.11.3.rel1.linux64_1.1.100.202309141235/tools/bin/../lib/gcc/arm-none-eabi/11.3.1/../../../../arm-none-eabi/lib/thumb/v7e-m+fp/hard/libnosys.a
END GROUP
LOAD /home/unclebob/st/stm32cubeide_1.14.0/plugins/com.st.stm32cube.ide.mcu.externaltools.gnu-tools-for-stm32.11.3.rel1.linux64_1.1.100.202309141235/tools/bin/../lib/gcc/arm-none-eabi/11.3.1/thumb/v7e-m+fp/hard/crtend.o
LOAD /home/unclebob/st/stm32cubeide_1.14.0/plugins/com.st.stm32cube.ide.mcu.externaltools.gnu-tools-for-stm32.11.3.rel1.linux64_1.1.100.202309141235/tools/bin/../lib/gcc/arm-none-eabi/11.3.1/thumb/v7e-m+fp/hard/crtn.o
                0x0000000020020000                _estack = (ORIGIN (RAM) + LENGTH (RAM))
                0x0000000000000200                _Min_Heap_Size = 0x200
                0x0000000000000400                _Min_Stack_Size = 0x400

.isr_vector     0x0000000008000000      0x188
                0x0000000008000000                . = ALIGN (0x4)
 *(.isr_vector)
 .isr_vector    0x0000000008000000      0x188 ./Core/Startup/startup_stm32f407vgtx.o
                0x0000000008000000                g_pfnVectors
                0x0000000008000188                . = ALIGN (0x4)

.text           0x0000000008000188     0x836c
                0x0000000008000188                . = ALIGN (0x4)
 *(.text)
 .text          0x0000000008000188       0x40 /home/unclebob/st/stm32cubeide_1.14.0/plugins/com.st.stm32cube.ide.mcu.externaltools.gnu-tools-for-stm32.11.3.rel1.linux64_1.1.100.202309141235/tools/bin/../lib/gcc/arm-none-eabi/11.3.1/thumb/v7e-m+fp/hard/crtbegin.o
 .text          0x00000000080001c8       0x30 /home/unclebob/st/stm32cubeide_1.14.0/plugins/com.st.stm32cube.ide.mcu.externaltools.gnu-tools-for-stm32.11.3.rel1.linux64_1.1.100.202309141235/tools/bin/../lib/gcc/arm-none-eabi/11.3.1/thumb/v7e-m+fp/hard/libgcc.a(_aeabi_uldivmod.o)
                0x00000000080001c8                __aeabi_uldivmod
 .text          0x00000000080001f8      0x2c8 /home/unclebob/st/stm32cubeide_1.14.0/plugins/com.st.stm32cube.ide.mcu.externaltools.gnu-tools-for-stm32.11.3.rel1.linux64_1.1.100.202309141235/tools/bin/../lib/gcc/arm-none-eabi/11.3.1/thumb/v7e-m+fp/hard/libgcc.a(_udivmoddi4.o)
                0x00000000080001f8                __udivmoddi4
 .text          0x00000000080004c0        0x4 /home/unclebob/st/stm32cubeide_1.14.0/plugins/com.st.stm32cube.ide.mcu.externaltools.gnu-tools-for-stm32.11.3.rel1.linux64_1.1.100.202309141235/tools/bin/../lib/gcc/arm-none-eabi/11.3.1/thumb/v7e-m+fp/hard/libgcc.a(_dvmd_tls.o)
                0x00000000080004c0                __aeabi_ldiv0
                0x00000000080004c0                __aeabi_idiv0
 *(.text*)
 .text.main     0x00000000080004c4      0x190 ./Core/Src/main.o
                0x00000000080004c4                main
 .text.SystemClock_Config
                0x0000000008000654       0xd4 ./Core/Src/main.o
                0x0000000008000654                SystemClock_Config
 .text.MX_ADC1_Init
                0x0000000008000728       0xa8 ./Core/Src/main.o
 .text.MX_ADC2_Init
                0x00000000080007d0       0xa8 ./Core/Src/main.o
 .text.MX_TIM4_Init
                0x0000000008000878      0x12c ./Core/Src/main.o
 .text.MX_GPIO_Init
                0x00000000080009a4       0xb0 ./Core/Src/main.o
 .text.JoystickToLeds
                0x0000000008000a54       0xc2 ./Core/Src/main.o
                0x0000000008000a54                JoystickToLeds
 .text.JoystickToUsb
                0x0000000008000b16       0x92 ./Core/Src/main.o
                0x0000000008000b16                JoystickToUsb
 .text.Error_Handler
                0x0000000008000ba8        0xa ./Core/Src/main.o
                0x0000000008000ba8                Error_Handler
 *fill*         0x0000000008000bb2        0x2 
 .text.HAL_MspInit
                0x0000000008000bb4       0x50 ./Core/Src/stm32f4xx_hal_msp.o
                0x0000000008000bb4                HAL_MspInit
 .text.HAL_ADC_MspInit
                0x0000000008000c04       0xe8 ./Core/Src/stm32f4xx_hal_msp.o
                0x0000000008000c04                HAL_ADC_MspInit
 .text.HAL_TIM_Base_MspInit
                0x0000000008000cec       0x44 ./Core/Src/stm32f4xx_hal_msp.o
                0x0000000008000cec                HAL_TIM_Base_MspInit
 .text.HAL_TIM_MspPostInit
                0x0000000008000d30       0x74 ./Core/Src/stm32f4xx_hal_msp.o
                0x0000000008000d30                HAL_TIM_MspPostInit
 .text.NMI_Handler
                0x0000000008000da4        0x6 ./Core/Src/stm32f4xx_it.o
                0x0000000008000da4                NMI_Handler
 .text.HardFault_Handler
                0x0000000008000daa        0x6 ./Core/Src/stm32f4xx_it.o
                0x0000000008000daa                HardFault_Handler
 .text.MemManage_Handler
                0x0000000008000db0        0x6 ./Core/Src/stm32f4xx_it.o
                0x0000000008000db0                MemManage_Handler
 .text.BusFault_Handler
                0x0000000008000db6        0x6 ./Core/Src/stm32f4xx_it.o
                0x0000000008000db6                BusFault_Handler
 .text.UsageFault_Handler
                0x0000000008000dbc        0x6 ./Core/Src/stm32f4xx_it.o
                0x0000000008000dbc                UsageFault_Handler
 .text.SVC_Handler
                0x0000000008000dc2        0xe ./Core/Src/stm32f4xx_it.o
                0x0000000008000dc2                SVC_Handler
 .text.DebugMon_Handler
                0x0000000008000dd0        0xe ./Core/Src/stm32f4xx_it.o
                0x0000000008000dd0                DebugMon_Handler
 .text.PendSV_Handler
                0x0000000008000dde        0xe ./Core/Src/stm32f4xx_it.o
                0x0000000008000dde                PendSV_Handler
 .text.SysTick_Handler
                0x0000000008000dec        0xc ./Core/Src/stm32f4xx_it.o
                0x0000000008000dec                SysTick_Handler
 .text.OTG_FS_IRQHandler
                0x0000000008000df8       0x14 ./Core/Src/stm32f4xx_it.o
                0x0000000008000df8                OTG_FS_IRQHandler
 .text.SystemInit
                0x0000000008000e0c       0x24 ./Core/Src/system_stm32f4xx.o
                0x0000000008000e0c                SystemInit
 .text.Reset_Handler
                0x0000000008000e30       0x50 ./Core/Startup/startup_stm32f407vgtx.o
                0x0000000008000e30                Reset_Handler
 .text.Default_Handler
                0x0000000008000e80        0x2 ./Core/Startup/startup_stm32f407vgtx.o
                0x0000000008000e80                RTC_Alarm_IRQHandler
                0x0000000008000e80                HASH_RNG_IRQHandler
                0x0000000008000e80                EXTI2_IRQHandler
                0x0000000008000e80                TIM8_CC_IRQHandler
                0x0000000008000e80                TIM1_CC_IRQHandler
                0x0000000008000e80                DMA2_Stream5_IRQHandler
                0x0000000008000e80                DMA1_Stream5_IRQHandler
                0x0000000008000e80                PVD_IRQHandler
                0x0000000008000e80                SDIO_IRQHandler
                0x0000000008000e80                TAMP_STAMP_IRQHandler
                0x0000000008000e80                CAN2_RX1_IRQHandler
                0x0000000008000e80                EXTI3_IRQHandler
                0x0000000008000e80                TIM8_TRG_COM_TIM14_IRQHandler
                0x0000000008000e80                TIM1_UP_TIM10_IRQHandler
                0x0000000008000e80                TIM8_UP_TIM13_IRQHandler
                0x0000000008000e80                I2C3_ER_IRQHandler
                0x0000000008000e80                EXTI0_IRQHandler
                0x0000000008000e80                I2C2_EV_IRQHandler
                0x0000000008000e80                DMA1_Stream2_IRQHandler
                0x0000000008000e80                CAN1_RX0_IRQHandler
                0x0000000008000e80                FPU_IRQHandler
                0x0000000008000e80                OTG_HS_WKUP_IRQHandler
                0x0000000008000e80                CAN2_SCE_IRQHandler
                0x0000000008000e80                DMA2_Stream2_IRQHandler
                0x0000000008000e80                SPI1_IRQHandler
                0x0000000008000e80                TIM6_DAC_IRQHandler
                0x0000000008000e80                TIM1_BRK_TIM9_IRQHandler
                0x0000000008000e80                DCMI_IRQHandler
                0x0000000008000e80                CAN2_RX0_IRQHandler
                0x0000000008000e80                DMA2_Stream3_IRQHandler
                0x0000000008000e80                USART6_IRQHandler
                0x0000000008000e80                USART3_IRQHandler
                0x0000000008000e80                CAN1_RX1_IRQHandler
                0x0000000008000e80                UART5_IRQHandler
                0x0000000008000e80                DMA2_Stream0_IRQHandler
                0x0000000008000e80                TIM4_IRQHandler
                0x0000000008000e80                I2C1_EV_IRQHandler
                0x0000000008000e80                DMA1_Stream6_IRQHandler
                0x0000000008000e80                DMA1_Stream1_IRQHandler
                0x0000000008000e80                UART4_IRQHandler
                0x0000000008000e80                TIM3_IRQHandler
                0x0000000008000e80                RCC_IRQHandler
                0x0000000008000e80                TIM8_BRK_TIM12_IRQHandler
                0x0000000008000e80                Default_Handler
                0x0000000008000e80                EXTI15_10_IRQHandler
                0x0000000008000e80                ADC_IRQHandler
                0x0000000008000e80                DMA1_Stream7_IRQHandler
                0x0000000008000e80                TIM7_IRQHandler
                0x0000000008000e80                CAN2_TX_IRQHandler
                0x0000000008000e80                TIM5_IRQHandler
                0x0000000008000e80                DMA2_Stream7_IRQHandler
                0x0000000008000e80                I2C3_EV_IRQHandler
                0x0000000008000e80                EXTI9_5_IRQHandler
                0x0000000008000e80                RTC_WKUP_IRQHandler
                0x0000000008000e80                ETH_WKUP_IRQHandler
                0x0000000008000e80                SPI2_IRQHandler
                0x0000000008000e80                OTG_HS_EP1_IN_IRQHandler
                0x0000000008000e80                DMA1_Stream0_IRQHandler
                0x0000000008000e80                CAN1_TX_IRQHandler
                0x0000000008000e80                EXTI4_IRQHandler
                0x0000000008000e80                FSMC_IRQHandler
                0x0000000008000e80                ETH_IRQHandler
                0x0000000008000e80                OTG_HS_EP1_OUT_IRQHandler
                0x0000000008000e80                WWDG_IRQHandler
                0x0000000008000e80                TIM2_IRQHandler
                0x0000000008000e80                OTG_FS_WKUP_IRQHandler
                0x0000000008000e80                TIM1_TRG_COM_TIM11_IRQHandler
                0x0000000008000e80                OTG_HS_IRQHandler
                0x0000000008000e80                EXTI1_IRQHandler
                0x0000000008000e80                USART2_IRQHandler
                0x0000000008000e80                I2C2_ER_IRQHandler
                0x0000000008000e80                DMA2_Stream1_IRQHandler
                0x0000000008000e80                CAN1_SCE_IRQHandler
                0x0000000008000e80                FLASH_IRQHandler
                0x0000000008000e80                DMA2_Stream4_IRQHandler
                0x0000000008000e80                USART1_IRQHandler
                0x0000000008000e80                SPI3_IRQHandler
                0x0000000008000e80                DMA1_Stream4_IRQHandler
                0x0000000008000e80                I2C1_ER_IRQHandler
                0x0000000008000e80                DMA2_Stream6_IRQHandler
                0x0000000008000e80                DMA1_Stream3_IRQHandler
 *fill*         0x0000000008000e82        0x2 
 .text.HAL_Init
                0x0000000008000e84       0x44 ./Drivers/STM32F4xx_HAL_Driver/Src/stm32f4xx_hal.o
                0x0000000008000e84                HAL_Init
 .text.HAL_InitTick
                0x0000000008000ec8       0x60 ./Drivers/STM32F4xx_HAL_Driver/Src/stm32f4xx_hal.o
                0x0000000008000ec8                HAL_InitTick
 .text.HAL_IncTick
                0x0000000008000f28       0x28 ./Drivers/STM32F4xx_HAL_Driver/Src/stm32f4xx_hal.o
                0x0000000008000f28                HAL_IncTick
 .text.HAL_GetTick
                0x0000000008000f50       0x18 ./Drivers/STM32F4xx_HAL_Driver/Src/stm32f4xx_hal.o
                0x0000000008000f50                HAL_GetTick
 .text.HAL_Delay
                0x0000000008000f68       0x48 ./Drivers/STM32F4xx_HAL_Driver/Src/stm32f4xx_hal.o
                0x0000000008000f68                HAL_Delay
 .text.HAL_ADC_Init
                0x0000000008000fb0       0x86 ./Drivers/STM32F4xx_HAL_Driver/Src/stm32f4xx_hal_adc.o
                0x0000000008000fb0                HAL_ADC_Init
 *fill*         0x0000000008001036        0x2 
 .text.HAL_ADC_Start
                0x0000000008001038      0x1a4 ./Drivers/STM32F4xx_HAL_Driver/Src/stm32f4xx_hal_adc.o
                0x0000000008001038                HAL_ADC_Start
 .text.HAL_ADC_Stop
                0x00000000080011dc       0x66 ./Drivers/STM32F4xx_HAL_Driver/Src/stm32f4xx_hal_adc.o
                0x00000000080011dc                HAL_ADC_Stop
 .text.HAL_ADC_PollForConversion
                0x0000000008001242      0x116 ./Drivers/STM32F4xx_HAL_Driver/Src/stm32f4xx_hal_adc.o
                0x0000000008001242                HAL_ADC_PollForConversion
 .text.HAL_ADC_GetValue
                0x0000000008001358       0x1a ./Drivers/STM32F4xx_HAL_Driver/Src/stm32f4xx_hal_adc.o
                0x0000000008001358                HAL_ADC_GetValue
 *fill*         0x0000000008001372        0x2 
 .text.HAL_ADC_ConfigChannel
                0x0000000008001374      0x244 ./Drivers/STM32F4xx_HAL_Driver/Src/stm32f4xx_hal_adc.o
                0x0000000008001374                HAL_ADC_ConfigChannel
 .text.ADC_Init
                0x00000000080015b8      0x1f8 ./Drivers/STM32F4xx_HAL_Driver/Src/stm32f4xx_hal_adc.o
 .text.__NVIC_SetPriorityGrouping
                0x00000000080017b0       0x48 ./Drivers/STM32F4xx_HAL_Driver/Src/stm32f4xx_hal_cortex.o
 .text.__NVIC_GetPriorityGrouping
                0x00000000080017f8       0x1c ./Drivers/STM32F4xx_HAL_Driver/Src/stm32f4xx_hal_cortex.o
 .text.__NVIC_EnableIRQ
                0x0000000008001814       0x3c ./Drivers/STM32F4xx_HAL_Driver/Src/stm32f4xx_hal_cortex.o
 .text.__NVIC_SetPriority
                0x0000000008001850       0x54 ./Drivers/STM32F4xx_HAL_Driver/Src/stm32f4xx_hal_cortex.o
 .text.NVIC_EncodePriority
                0x00000000080018a4       0x66 ./Drivers/STM32F4xx_HAL_Driver/Src/stm32f4xx_hal_cortex.o
 *fill*         0x000000000800190a        0x2 
 .text.SysTick_Config
                0x000000000800190c       0x44 ./Drivers/STM32F4xx_HAL_Driver/Src/stm32f4xx_hal_cortex.o
 .text.HAL_NVIC_SetPriorityGrouping
                0x0000000008001950       0x16 ./Drivers/STM32F4xx_HAL_Driver/Src/stm32f4xx_hal_cortex.o
                0x0000000008001950                HAL_NVIC_SetPriorityGrouping
 .text.HAL_NVIC_SetPriority
                0x0000000008001966       0x38 ./Drivers/STM32F4xx_HAL_Driver/Src/stm32f4xx_hal_cortex.o
                0x0000000008001966                HAL_NVIC_SetPriority
 .text.HAL_NVIC_EnableIRQ
                0x000000000800199e       0x1c ./Drivers/STM32F4xx_HAL_Driver/Src/stm32f4xx_hal_cortex.o
                0x000000000800199e                HAL_NVIC_EnableIRQ
 .text.HAL_SYSTICK_Config
                0x00000000080019ba       0x18 ./Drivers/STM32F4xx_HAL_Driver/Src/stm32f4xx_hal_cortex.o
                0x00000000080019ba                HAL_SYSTICK_Config
 *fill*         0x00000000080019d2        0x2 
 .text.HAL_GPIO_Init
                0x00000000080019d4      0x338 ./Drivers/STM32F4xx_HAL_Driver/Src/stm32f4xx_hal_gpio.o
                0x00000000080019d4                HAL_GPIO_Init
 .text.HAL_GPIO_ReadPin
                0x0000000008001d0c       0x30 ./Drivers/STM32F4xx_HAL_Driver/Src/stm32f4xx_hal_gpio.o
                0x0000000008001d0c                HAL_GPIO_ReadPin
 .text.HAL_PCD_Init
                0x0000000008001d3c      0x21e ./Drivers/STM32F4xx_HAL_Driver/Src/stm32f4xx_hal_pcd.o
                0x0000000008001d3c                HAL_PCD_Init
 .text.HAL_PCD_Start
                0x0000000008001f5a       0x6a ./Drivers/STM32F4xx_HAL_Driver/Src/stm32f4xx_hal_pcd.o
                0x0000000008001f5a                HAL_PCD_Start
 .text.HAL_PCD_IRQHandler
                0x0000000008001fc4      0x942 ./Drivers/STM32F4xx_HAL_Driver/Src/stm32f4xx_hal_pcd.o
                0x0000000008001fc4                HAL_PCD_IRQHandler
 .text.HAL_PCD_SetAddress
                0x0000000008002906       0x48 ./Drivers/STM32F4xx_HAL_Driver/Src/stm32f4xx_hal_pcd.o
                0x0000000008002906                HAL_PCD_SetAddress
 .text.HAL_PCD_EP_Open
                0x000000000800294e       0xd0 ./Drivers/STM32F4xx_HAL_Driver/Src/stm32f4xx_hal_pcd.o
                0x000000000800294e                HAL_PCD_EP_Open
 .text.HAL_PCD_EP_Close
                0x0000000008002a1e       0x94 ./Drivers/STM32F4xx_HAL_Driver/Src/stm32f4xx_hal_pcd.o
                0x0000000008002a1e                HAL_PCD_EP_Close
 .text.HAL_PCD_EP_Receive
                0x0000000008002ab2       0x76 ./Drivers/STM32F4xx_HAL_Driver/Src/stm32f4xx_hal_pcd.o
                0x0000000008002ab2                HAL_PCD_EP_Receive
 .text.HAL_PCD_EP_Transmit
                0x0000000008002b28       0x74 ./Drivers/STM32F4xx_HAL_Driver/Src/stm32f4xx_hal_pcd.o
                0x0000000008002b28                HAL_PCD_EP_Transmit
 .text.HAL_PCD_EP_SetStall
                0x0000000008002b9c       0xc6 ./Drivers/STM32F4xx_HAL_Driver/Src/stm32f4xx_hal_pcd.o
                0x0000000008002b9c                HAL_PCD_EP_SetStall
 .text.HAL_PCD_EP_ClrStall
                0x0000000008002c62       0xac ./Drivers/STM32F4xx_HAL_Driver/Src/stm32f4xx_hal_pcd.o
                0x0000000008002c62                HAL_PCD_EP_ClrStall
 .text.HAL_PCD_EP_Abort
                0x0000000008002d0e       0x62 ./Drivers/STM32F4xx_HAL_Driver/Src/stm32f4xx_hal_pcd.o
                0x0000000008002d0e                HAL_PCD_EP_Abort
 .text.PCD_WriteEmptyTxFifo
                0x0000000008002d70      0x118 ./Drivers/STM32F4xx_HAL_Driver/Src/stm32f4xx_hal_pcd.o
 .text.PCD_EP_OutXfrComplete_int
                0x0000000008002e88      0x1d0 ./Drivers/STM32F4xx_HAL_Driver/Src/stm32f4xx_hal_pcd.o
 .text.PCD_EP_OutSetupPacket_int
                0x0000000008003058       0x8c ./Drivers/STM32F4xx_HAL_Driver/Src/stm32f4xx_hal_pcd.o
 .text.HAL_PCDEx_SetTxFiFo
                0x00000000080030e4       0x8e ./Drivers/STM32F4xx_HAL_Driver/Src/stm32f4xx_hal_pcd_ex.o
                0x00000000080030e4                HAL_PCDEx_SetTxFiFo
 .text.HAL_PCDEx_SetRxFiFo
                0x0000000008003172       0x22 ./Drivers/STM32F4xx_HAL_Driver/Src/stm32f4xx_hal_pcd_ex.o
                0x0000000008003172                HAL_PCDEx_SetRxFiFo
 .text.HAL_PCDEx_LPM_Callback
                0x0000000008003194       0x18 ./Drivers/STM32F4xx_HAL_Driver/Src/stm32f4xx_hal_pcd_ex.o
                0x0000000008003194                HAL_PCDEx_LPM_Callback
 .text.HAL_RCC_OscConfig
                0x00000000080031ac      0x4f0 ./Drivers/STM32F4xx_HAL_Driver/Src/stm32f4xx_hal_rcc.o
                0x00000000080031ac                HAL_RCC_OscConfig
 .text.HAL_RCC_ClockConfig
                0x000000000800369c      0x1cc ./Drivers/STM32F4xx_HAL_Driver/Src/stm32f4xx_hal_rcc.o
                0x000000000800369c                HAL_RCC_ClockConfig
 .text.HAL_RCC_GetSysClockFreq
                0x0000000008003868      0x20c ./Drivers/STM32F4xx_HAL_Driver/Src/stm32f4xx_hal_rcc.o
                0x0000000008003868                HAL_RCC_GetSysClockFreq
 .text.HAL_RCC_GetHCLKFreq
                0x0000000008003a74       0x18 ./Drivers/STM32F4xx_HAL_Driver/Src/stm32f4xx_hal_rcc.o
                0x0000000008003a74                HAL_RCC_GetHCLKFreq
 .text.HAL_TIM_Base_Init
                0x0000000008003a8c       0x9e ./Drivers/STM32F4xx_HAL_Driver/Src/stm32f4xx_hal_tim.o
                0x0000000008003a8c                HAL_TIM_Base_Init
 .text.HAL_TIM_PWM_Init
                0x0000000008003b2a       0x9e ./Drivers/STM32F4xx_HAL_Driver/Src/stm32f4xx_hal_tim.o
                0x0000000008003b2a                HAL_TIM_PWM_Init
 .text.HAL_TIM_PWM_MspInit
                0x0000000008003bc8       0x14 ./Drivers/STM32F4xx_HAL_Driver/Src/stm32f4xx_hal_tim.o
                0x0000000008003bc8                HAL_TIM_PWM_MspInit
 .text.HAL_TIM_PWM_Start
                0x0000000008003bdc      0x190 ./Drivers/STM32F4xx_HAL_Driver/Src/stm32f4xx_hal_tim.o
                0x0000000008003bdc                HAL_TIM_PWM_Start
 .text.HAL_TIM_PWM_ConfigChannel
                0x0000000008003d6c      0x184 ./Drivers/STM32F4xx_HAL_Driver/Src/stm32f4xx_hal_tim.o
                0x0000000008003d6c                HAL_TIM_PWM_ConfigChannel
 .text.HAL_TIM_ConfigClockSource
                0x0000000008003ef0      0x18e ./Drivers/STM32F4xx_HAL_Driver/Src/stm32f4xx_hal_tim.o
                0x0000000008003ef0                HAL_TIM_ConfigClockSource
 *fill*         0x000000000800407e        0x2 
 .text.TIM_Base_SetConfig
                0x0000000008004080      0x158 ./Drivers/STM32F4xx_HAL_Driver/Src/stm32f4xx_hal_tim.o
                0x0000000008004080                TIM_Base_SetConfig
 .text.TIM_OC1_SetConfig
                0x00000000080041d8       0xe0 ./Drivers/STM32F4xx_HAL_Driver/Src/stm32f4xx_hal_tim.o
 .text.TIM_OC2_SetConfig
                0x00000000080042b8       0xec ./Drivers/STM32F4xx_HAL_Driver/Src/stm32f4xx_hal_tim.o
                0x00000000080042b8                TIM_OC2_SetConfig
 .text.TIM_OC3_SetConfig
                0x00000000080043a4       0xe8 ./Drivers/STM32F4xx_HAL_Driver/Src/stm32f4xx_hal_tim.o
 .text.TIM_OC4_SetConfig
                0x000000000800448c       0xac ./Drivers/STM32F4xx_HAL_Driver/Src/stm32f4xx_hal_tim.o
 .text.TIM_TI1_ConfigInputStage
                0x0000000008004538       0x5e ./Drivers/STM32F4xx_HAL_Driver/Src/stm32f4xx_hal_tim.o
 .text.TIM_TI2_ConfigInputStage
                0x0000000008004596       0x60 ./Drivers/STM32F4xx_HAL_Driver/Src/stm32f4xx_hal_tim.o
 .text.TIM_ITRx_SetConfig
                0x00000000080045f6       0x36 ./Drivers/STM32F4xx_HAL_Driver/Src/stm32f4xx_hal_tim.o
 .text.TIM_ETR_SetConfig
                0x000000000800462c       0x40 ./Drivers/STM32F4xx_HAL_Driver/Src/stm32f4xx_hal_tim.o
                0x000000000800462c                TIM_ETR_SetConfig
 .text.TIM_CCxChannelCmd
                0x000000000800466c       0x4a ./Drivers/STM32F4xx_HAL_Driver/Src/stm32f4xx_hal_tim.o
                0x000000000800466c                TIM_CCxChannelCmd
 *fill*         0x00000000080046b6        0x2 
 .text.HAL_TIMEx_MasterConfigSynchronization
                0x00000000080046b8       0xf8 ./Drivers/STM32F4xx_HAL_Driver/Src/stm32f4xx_hal_tim_ex.o
                0x00000000080046b8                HAL_TIMEx_MasterConfigSynchronization
 .text.USB_CoreInit
                0x00000000080047b0       0xc8 ./Drivers/STM32F4xx_HAL_Driver/Src/stm32f4xx_ll_usb.o
                0x00000000080047b0                USB_CoreInit
 .text.USB_SetTurnaroundTime
                0x0000000008004878      0x144 ./Drivers/STM32F4xx_HAL_Driver/Src/stm32f4xx_ll_usb.o
                0x0000000008004878                USB_SetTurnaroundTime
 .text.USB_EnableGlobalInt
                0x00000000080049bc       0x22 ./Drivers/STM32F4xx_HAL_Driver/Src/stm32f4xx_ll_usb.o
                0x00000000080049bc                USB_EnableGlobalInt
 .text.USB_DisableGlobalInt
                0x00000000080049de       0x22 ./Drivers/STM32F4xx_HAL_Driver/Src/stm32f4xx_ll_usb.o
                0x00000000080049de                USB_DisableGlobalInt
 .text.USB_SetCurrentMode
                0x0000000008004a00       0x98 ./Drivers/STM32F4xx_HAL_Driver/Src/stm32f4xx_ll_usb.o
                0x0000000008004a00                USB_SetCurrentMode
 .text.USB_DevInit
                0x0000000008004a98      0x2c8 ./Drivers/STM32F4xx_HAL_Driver/Src/stm32f4xx_ll_usb.o
                0x0000000008004a98                USB_DevInit
 .text.USB_FlushTxFifo
                0x0000000008004d60       0x64 ./Drivers/STM32F4xx_HAL_Driver/Src/stm32f4xx_ll_usb.o
                0x0000000008004d60                USB_FlushTxFifo
 .text.USB_FlushRxFifo
                0x0000000008004dc4       0x5c ./Drivers/STM32F4xx_HAL_Driver/Src/stm32f4xx_ll_usb.o
                0x0000000008004dc4                USB_FlushRxFifo
 .text.USB_SetDevSpeed
                0x0000000008004e20       0x32 ./Drivers/STM32F4xx_HAL_Driver/Src/stm32f4xx_ll_usb.o
                0x0000000008004e20                USB_SetDevSpeed
 .text.USB_GetDevSpeed
                0x0000000008004e52       0x4a ./Drivers/STM32F4xx_HAL_Driver/Src/stm32f4xx_ll_usb.o
                0x0000000008004e52                USB_GetDevSpeed
 .text.USB_ActivateEndpoint
                0x0000000008004e9c      0x10e ./Drivers/STM32F4xx_HAL_Driver/Src/stm32f4xx_ll_usb.o
                0x0000000008004e9c                USB_ActivateEndpoint
 *fill*         0x0000000008004faa        0x2 
 .text.USB_DeactivateEndpoint
                0x0000000008004fac      0x1b8 ./Drivers/STM32F4xx_HAL_Driver/Src/stm32f4xx_ll_usb.o
                0x0000000008004fac                USB_DeactivateEndpoint
 .text.USB_EPStartXfer
                0x0000000008005164      0x530 ./Drivers/STM32F4xx_HAL_Driver/Src/stm32f4xx_ll_usb.o
                0x0000000008005164                USB_EPStartXfer
 .text.USB_EPStopXfer
                0x0000000008005694      0x154 ./Drivers/STM32F4xx_HAL_Driver/Src/stm32f4xx_ll_usb.o
                0x0000000008005694                USB_EPStopXfer
 .text.USB_WritePacket
                0x00000000080057e8       0x7c ./Drivers/STM32F4xx_HAL_Driver/Src/stm32f4xx_ll_usb.o
                0x00000000080057e8                USB_WritePacket
 .text.USB_ReadPacket
                0x0000000008005864       0xb0 ./Drivers/STM32F4xx_HAL_Driver/Src/stm32f4xx_ll_usb.o
                0x0000000008005864                USB_ReadPacket
 .text.USB_EPSetStall
                0x0000000008005914       0xdc ./Drivers/STM32F4xx_HAL_Driver/Src/stm32f4xx_ll_usb.o
                0x0000000008005914                USB_EPSetStall
 .text.USB_EPClearStall
                0x00000000080059f0       0xcc ./Drivers/STM32F4xx_HAL_Driver/Src/stm32f4xx_ll_usb.o
                0x00000000080059f0                USB_EPClearStall
 .text.USB_SetDevAddress
                0x0000000008005abc       0x4c ./Drivers/STM32F4xx_HAL_Driver/Src/stm32f4xx_ll_usb.o
                0x0000000008005abc                USB_SetDevAddress
 .text.USB_DevConnect
                0x0000000008005b08       0x42 ./Drivers/STM32F4xx_HAL_Driver/Src/stm32f4xx_ll_usb.o
                0x0000000008005b08                USB_DevConnect
 .text.USB_DevDisconnect
                0x0000000008005b4a       0x42 ./Drivers/STM32F4xx_HAL_Driver/Src/stm32f4xx_ll_usb.o
                0x0000000008005b4a                USB_DevDisconnect
 .text.USB_ReadInterrupts
                0x0000000008005b8c       0x26 ./Drivers/STM32F4xx_HAL_Driver/Src/stm32f4xx_ll_usb.o
                0x0000000008005b8c                USB_ReadInterrupts
 .text.USB_ReadDevAllOutEpInterrupt
                0x0000000008005bb2       0x34 ./Drivers/STM32F4xx_HAL_Driver/Src/stm32f4xx_ll_usb.o
                0x0000000008005bb2                USB_ReadDevAllOutEpInterrupt
 .text.USB_ReadDevAllInEpInterrupt
                0x0000000008005be6       0x34 ./Drivers/STM32F4xx_HAL_Driver/Src/stm32f4xx_ll_usb.o
                0x0000000008005be6                USB_ReadDevAllInEpInterrupt
 .text.USB_ReadDevOutEPInterrupt
                0x0000000008005c1a       0x3c ./Drivers/STM32F4xx_HAL_Driver/Src/stm32f4xx_ll_usb.o
                0x0000000008005c1a                USB_ReadDevOutEPInterrupt
 .text.USB_ReadDevInEPInterrupt
                0x0000000008005c56       0x5c ./Drivers/STM32F4xx_HAL_Driver/Src/stm32f4xx_ll_usb.o
                0x0000000008005c56                USB_ReadDevInEPInterrupt
 .text.USB_GetMode
                0x0000000008005cb2       0x1c ./Drivers/STM32F4xx_HAL_Driver/Src/stm32f4xx_ll_usb.o
                0x0000000008005cb2                USB_GetMode
 .text.USB_ActivateSetup
                0x0000000008005cce       0x46 ./Drivers/STM32F4xx_HAL_Driver/Src/stm32f4xx_ll_usb.o
                0x0000000008005cce                USB_ActivateSetup
 .text.USB_EP0_OutStart
                0x0000000008005d14       0xbc ./Drivers/STM32F4xx_HAL_Driver/Src/stm32f4xx_ll_usb.o
                0x0000000008005d14                USB_EP0_OutStart
 .text.USB_CoreReset
                0x0000000008005dd0       0x62 ./Drivers/STM32F4xx_HAL_Driver/Src/stm32f4xx_ll_usb.o
 *fill*         0x0000000008005e32        0x2 
 .text.USBD_CUSTOM_HID_Init
                0x0000000008005e34      0x154 ./Middlewares/ST/STM32_USB_Device_Library/Class/CustomHID/Src/usbd_customhid.o
 .text.USBD_CUSTOM_HID_DeInit
                0x0000000008005f88       0xf4 ./Middlewares/ST/STM32_USB_Device_Library/Class/CustomHID/Src/usbd_customhid.o
 .text.USBD_CUSTOM_HID_Setup
                0x000000000800607c      0x234 ./Middlewares/ST/STM32_USB_Device_Library/Class/CustomHID/Src/usbd_customhid.o
 .text.USBD_CUSTOM_HID_SendReport
                0x00000000080062b0       0x64 ./Middlewares/ST/STM32_USB_Device_Library/Class/CustomHID/Src/usbd_customhid.o
                0x00000000080062b0                USBD_CUSTOM_HID_SendReport
 .text.USBD_CUSTOM_HID_GetFSCfgDesc
                0x0000000008006314       0x64 ./Middlewares/ST/STM32_USB_Device_Library/Class/CustomHID/Src/usbd_customhid.o
 .text.USBD_CUSTOM_HID_GetHSCfgDesc
                0x0000000008006378       0x64 ./Middlewares/ST/STM32_USB_Device_Library/Class/CustomHID/Src/usbd_customhid.o
 .text.USBD_CUSTOM_HID_GetOtherSpeedCfgDesc
                0x00000000080063dc       0x64 ./Middlewares/ST/STM32_USB_Device_Library/Class/CustomHID/Src/usbd_customhid.o
 .text.USBD_CUSTOM_HID_DataIn
                0x0000000008006440       0x2c ./Middlewares/ST/STM32_USB_Device_Library/Class/CustomHID/Src/usbd_customhid.o
 .text.USBD_CUSTOM_HID_DataOut
                0x000000000800646c       0x5a ./Middlewares/ST/STM32_USB_Device_Library/Class/CustomHID/Src/usbd_customhid.o
 *fill*         0x00000000080064c6        0x2 
 .text.USBD_CUSTOM_HID_ReceivePacket
                0x00000000080064c8       0x4c ./Middlewares/ST/STM32_USB_Device_Library/Class/CustomHID/Src/usbd_customhid.o
                0x00000000080064c8                USBD_CUSTOM_HID_ReceivePacket
 .text.USBD_CUSTOM_HID_EP0_RxReady
                0x0000000008006514       0x58 ./Middlewares/ST/STM32_USB_Device_Library/Class/CustomHID/Src/usbd_customhid.o
 .text.USBD_CUSTOM_HID_GetDeviceQualifierDesc
                0x000000000800656c       0x20 ./Middlewares/ST/STM32_USB_Device_Library/Class/CustomHID/Src/usbd_customhid.o
 .text.USBD_CUSTOM_HID_RegisterInterface
                0x000000000800658c       0x34 ./Middlewares/ST/STM32_USB_Device_Library/Class/CustomHID/Src/usbd_customhid.o
                0x000000000800658c                USBD_CUSTOM_HID_RegisterInterface
 .text.USBD_Init
                0x00000000080065c0       0x60 ./Middlewares/ST/STM32_USB_Device_Library/Core/Src/usbd_core.o
                0x00000000080065c0                USBD_Init
 .text.USBD_RegisterClass
                0x0000000008006620       0x6c ./Middlewares/ST/STM32_USB_Device_Library/Core/Src/usbd_core.o
                0x0000000008006620                USBD_RegisterClass
 .text.USBD_Start
                0x000000000800668c       0x18 ./Middlewares/ST/STM32_USB_Device_Library/Core/Src/usbd_core.o
                0x000000000800668c                USBD_Start
 .text.USBD_RunTestMode
                0x00000000080066a4       0x16 ./Middlewares/ST/STM32_USB_Device_Library/Core/Src/usbd_core.o
                0x00000000080066a4                USBD_RunTestMode
 .text.USBD_SetClassConfig
                0x00000000080066ba       0x38 ./Middlewares/ST/STM32_USB_Device_Library/Core/Src/usbd_core.o
                0x00000000080066ba                USBD_SetClassConfig
 .text.USBD_ClrClassConfig
                0x00000000080066f2       0x34 ./Middlewares/ST/STM32_USB_Device_Library/Core/Src/usbd_core.o
                0x00000000080066f2                USBD_ClrClassConfig
 .text.USBD_LL_SetupStage
                0x0000000008006726       0xaa ./Middlewares/ST/STM32_USB_Device_Library/Core/Src/usbd_core.o
                0x0000000008006726                USBD_LL_SetupStage
 .text.USBD_LL_DataOutStage
                0x00000000080067d0      0x166 ./Middlewares/ST/STM32_USB_Device_Library/Core/Src/usbd_core.o
                0x00000000080067d0                USBD_LL_DataOutStage
 .text.USBD_LL_DataInStage
                0x0000000008006936      0x164 ./Middlewares/ST/STM32_USB_Device_Library/Core/Src/usbd_core.o
                0x0000000008006936                USBD_LL_DataInStage
 .text.USBD_LL_Reset
                0x0000000008006a9a       0xa4 ./Middlewares/ST/STM32_USB_Device_Library/Core/Src/usbd_core.o
                0x0000000008006a9a                USBD_LL_Reset
 .text.USBD_LL_SetSpeed
                0x0000000008006b3e       0x20 ./Middlewares/ST/STM32_USB_Device_Library/Core/Src/usbd_core.o
                0x0000000008006b3e                USBD_LL_SetSpeed
 .text.USBD_LL_Suspend
                0x0000000008006b5e       0x38 ./Middlewares/ST/STM32_USB_Device_Library/Core/Src/usbd_core.o
                0x0000000008006b5e                USBD_LL_Suspend
 .text.USBD_LL_Resume
                0x0000000008006b96       0x30 ./Middlewares/ST/STM32_USB_Device_Library/Core/Src/usbd_core.o
                0x0000000008006b96                USBD_LL_Resume
 .text.USBD_LL_SOF
                0x0000000008006bc6       0x40 ./Middlewares/ST/STM32_USB_Device_Library/Core/Src/usbd_core.o
                0x0000000008006bc6                USBD_LL_SOF
 .text.USBD_LL_IsoINIncomplete
                0x0000000008006c06       0x64 ./Middlewares/ST/STM32_USB_Device_Library/Core/Src/usbd_core.o
                0x0000000008006c06                USBD_LL_IsoINIncomplete
 .text.USBD_LL_IsoOUTIncomplete
                0x0000000008006c6a       0x64 ./Middlewares/ST/STM32_USB_Device_Library/Core/Src/usbd_core.o
                0x0000000008006c6a                USBD_LL_IsoOUTIncomplete
 .text.USBD_LL_DevConnected
                0x0000000008006cce       0x16 ./Middlewares/ST/STM32_USB_Device_Library/Core/Src/usbd_core.o
                0x0000000008006cce                USBD_LL_DevConnected
 .text.USBD_LL_DevDisconnected
                0x0000000008006ce4       0x46 ./Middlewares/ST/STM32_USB_Device_Library/Core/Src/usbd_core.o
                0x0000000008006ce4                USBD_LL_DevDisconnected
 .text.USBD_CoreFindIF
                0x0000000008006d2a       0x1a ./Middlewares/ST/STM32_USB_Device_Library/Core/Src/usbd_core.o
                0x0000000008006d2a                USBD_CoreFindIF
 .text.USBD_CoreFindEP
                0x0000000008006d44       0x1a ./Middlewares/ST/STM32_USB_Device_Library/Core/Src/usbd_core.o
                0x0000000008006d44                USBD_CoreFindEP
 .text.USBD_GetEpDesc
                0x0000000008006d5e       0x74 ./Middlewares/ST/STM32_USB_Device_Library/Core/Src/usbd_core.o
                0x0000000008006d5e                USBD_GetEpDesc
 .text.USBD_GetNextDesc
                0x0000000008006dd2       0x3a ./Middlewares/ST/STM32_USB_Device_Library/Core/Src/usbd_core.o
                0x0000000008006dd2                USBD_GetNextDesc
 .text.SWAPBYTE
                0x0000000008006e0c       0x3c ./Middlewares/ST/STM32_USB_Device_Library/Core/Src/usbd_ctlreq.o
 .text.USBD_StdDevReq
                0x0000000008006e48       0xe4 ./Middlewares/ST/STM32_USB_Device_Library/Core/Src/usbd_ctlreq.o
                0x0000000008006e48                USBD_StdDevReq
 .text.USBD_StdItfReq
                0x0000000008006f2c       0xd8 ./Middlewares/ST/STM32_USB_Device_Library/Core/Src/usbd_ctlreq.o
                0x0000000008006f2c                USBD_StdItfReq
 .text.USBD_StdEPReq
                0x0000000008007004      0x33a ./Middlewares/ST/STM32_USB_Device_Library/Core/Src/usbd_ctlreq.o
                0x0000000008007004                USBD_StdEPReq
 *fill*         0x000000000800733e        0x2 
 .text.USBD_GetDescriptor
                0x0000000008007340      0x2d4 ./Middlewares/ST/STM32_USB_Device_Library/Core/Src/usbd_ctlreq.o
 .text.USBD_SetAddress
                0x0000000008007614       0x88 ./Middlewares/ST/STM32_USB_Device_Library/Core/Src/usbd_ctlreq.o
 .text.USBD_SetConfig
                0x000000000800769c      0x154 ./Middlewares/ST/STM32_USB_Device_Library/Core/Src/usbd_ctlreq.o
 .text.USBD_GetConfig
                0x00000000080077f0       0x6c ./Middlewares/ST/STM32_USB_Device_Library/Core/Src/usbd_ctlreq.o
 .text.USBD_GetStatus
                0x000000000800785c       0x68 ./Middlewares/ST/STM32_USB_Device_Library/Core/Src/usbd_ctlreq.o
 .text.USBD_SetFeature
                0x00000000080078c4       0x52 ./Middlewares/ST/STM32_USB_Device_Library/Core/Src/usbd_ctlreq.o
 .text.USBD_ClrFeature
                0x0000000008007916       0x44 ./Middlewares/ST/STM32_USB_Device_Library/Core/Src/usbd_ctlreq.o
 .text.USBD_ParseSetupRequest
                0x000000000800795a       0x74 ./Middlewares/ST/STM32_USB_Device_Library/Core/Src/usbd_ctlreq.o
                0x000000000800795a                USBD_ParseSetupRequest
 .text.USBD_CtlError
                0x00000000080079ce       0x22 ./Middlewares/ST/STM32_USB_Device_Library/Core/Src/usbd_ctlreq.o
                0x00000000080079ce                USBD_CtlError
 .text.USBD_GetString
                0x00000000080079f0       0x8c ./Middlewares/ST/STM32_USB_Device_Library/Core/Src/usbd_ctlreq.o
                0x00000000080079f0                USBD_GetString
 .text.USBD_GetLen
                0x0000000008007a7c       0x34 ./Middlewares/ST/STM32_USB_Device_Library/Core/Src/usbd_ctlreq.o
 .text.USBD_CtlSendData
                0x0000000008007ab0       0x36 ./Middlewares/ST/STM32_USB_Device_Library/Core/Src/usbd_ioreq.o
                0x0000000008007ab0                USBD_CtlSendData
 .text.USBD_CtlContinueSendData
                0x0000000008007ae6       0x22 ./Middlewares/ST/STM32_USB_Device_Library/Core/Src/usbd_ioreq.o
                0x0000000008007ae6                USBD_CtlContinueSendData
 .text.USBD_CtlPrepareRx
                0x0000000008007b08       0x3a ./Middlewares/ST/STM32_USB_Device_Library/Core/Src/usbd_ioreq.o
                0x0000000008007b08                USBD_CtlPrepareRx
 .text.USBD_CtlContinueRx
                0x0000000008007b42       0x22 ./Middlewares/ST/STM32_USB_Device_Library/Core/Src/usbd_ioreq.o
                0x0000000008007b42                USBD_CtlContinueRx
 .text.USBD_CtlSendStatus
                0x0000000008007b64       0x26 ./Middlewares/ST/STM32_USB_Device_Library/Core/Src/usbd_ioreq.o
                0x0000000008007b64                USBD_CtlSendStatus
 .text.USBD_CtlReceiveStatus
                0x0000000008007b8a       0x26 ./Middlewares/ST/STM32_USB_Device_Library/Core/Src/usbd_ioreq.o
                0x0000000008007b8a                USBD_CtlReceiveStatus
 .text.MX_USB_DEVICE_Init
                0x0000000008007bb0       0x60 ./USB_DEVICE/App/usb_device.o
                0x0000000008007bb0                MX_USB_DEVICE_Init
 .text.CUSTOM_HID_Init_FS
                0x0000000008007c10       0x10 ./USB_DEVICE/App/usbd_custom_hid_if.o
 .text.CUSTOM_HID_DeInit_FS
                0x0000000008007c20       0x10 ./USB_DEVICE/App/usbd_custom_hid_if.o
 .text.CUSTOM_HID_OutEvent_FS
                0x0000000008007c30       0x30 ./USB_DEVICE/App/usbd_custom_hid_if.o
 .text.USBD_FS_DeviceDescriptor
                0x0000000008007c60       0x24 ./USB_DEVICE/App/usbd_desc.o
                0x0000000008007c60                USBD_FS_DeviceDescriptor
 .text.USBD_FS_LangIDStrDescriptor
                0x0000000008007c84       0x24 ./USB_DEVICE/App/usbd_desc.o
                0x0000000008007c84                USBD_FS_LangIDStrDescriptor
 .text.USBD_FS_ProductStrDescriptor
                0x0000000008007ca8       0x3c ./USB_DEVICE/App/usbd_desc.o
                0x0000000008007ca8                USBD_FS_ProductStrDescriptor
 .text.USBD_FS_ManufacturerStrDescriptor
                0x0000000008007ce4       0x28 ./USB_DEVICE/App/usbd_desc.o
                0x0000000008007ce4                USBD_FS_ManufacturerStrDescriptor
 .text.USBD_FS_SerialStrDescriptor
                0x0000000008007d0c       0x24 ./USB_DEVICE/App/usbd_desc.o
                0x0000000008007d0c                USBD_FS_SerialStrDescriptor
 .text.USBD_FS_ConfigStrDescriptor
                0x0000000008007d30       0x3c ./USB_DEVICE/App/usbd_desc.o
                0x0000000008007d30                USBD_FS_ConfigStrDescriptor
 .text.USBD_FS_InterfaceStrDescriptor
                0x0000000008007d6c       0x3c ./USB_DEVICE/App/usbd_desc.o
                0x0000000008007d6c                USBD_FS_InterfaceStrDescriptor
 .text.Get_SerialNum
                0x0000000008007da8       0x58 ./USB_DEVICE/App/usbd_desc.o
 .text.IntToUnicode
                0x0000000008007e00       0x7e ./USB_DEVICE/App/usbd_desc.o
 *fill*         0x0000000008007e7e        0x2 
 .text.HAL_PCD_MspInit
                0x0000000008007e80       0xa8 ./USB_DEVICE/Target/usbd_conf.o
                0x0000000008007e80                HAL_PCD_MspInit
 .text.HAL_PCD_SetupStageCallback
                0x0000000008007f28       0x24 ./USB_DEVICE/Target/usbd_conf.o
                0x0000000008007f28                HAL_PCD_SetupStageCallback
 .text.HAL_PCD_DataOutStageCallback
                0x0000000008007f4c       0x36 ./USB_DEVICE/Target/usbd_conf.o
                0x0000000008007f4c                HAL_PCD_DataOutStageCallback
 .text.HAL_PCD_DataInStageCallback
                0x0000000008007f82       0x34 ./USB_DEVICE/Target/usbd_conf.o
                0x0000000008007f82                HAL_PCD_DataInStageCallback
 .text.HAL_PCD_SOFCallback
                0x0000000008007fb6       0x1c ./USB_DEVICE/Target/usbd_conf.o
                0x0000000008007fb6                HAL_PCD_SOFCallback
 .text.HAL_PCD_ResetCallback
                0x0000000008007fd2       0x50 ./USB_DEVICE/Target/usbd_conf.o
                0x0000000008007fd2                HAL_PCD_ResetCallback
 *fill*         0x0000000008008022        0x2 
 .text.HAL_PCD_SuspendCallback
                0x0000000008008024       0x4c ./USB_DEVICE/Target/usbd_conf.o
                0x0000000008008024                HAL_PCD_SuspendCallback
 .text.HAL_PCD_ResumeCallback
                0x0000000008008070       0x1c ./USB_DEVICE/Target/usbd_conf.o
                0x0000000008008070                HAL_PCD_ResumeCallback
 .text.HAL_PCD_ISOOUTIncompleteCallback
                0x000000000800808c       0x24 ./USB_DEVICE/Target/usbd_conf.o
                0x000000000800808c                HAL_PCD_ISOOUTIncompleteCallback
 .text.HAL_PCD_ISOINIncompleteCallback
                0x00000000080080b0       0x24 ./USB_DEVICE/Target/usbd_conf.o
                0x00000000080080b0                HAL_PCD_ISOINIncompleteCallback
 .text.HAL_PCD_ConnectCallback
                0x00000000080080d4       0x1c ./USB_DEVICE/Target/usbd_conf.o
                0x00000000080080d4                HAL_PCD_ConnectCallback
 .text.HAL_PCD_DisconnectCallback
                0x00000000080080f0       0x1c ./USB_DEVICE/Target/usbd_conf.o
                0x00000000080080f0                HAL_PCD_DisconnectCallback
 .text.USBD_LL_Init
                0x000000000800810c       0x98 ./USB_DEVICE/Target/usbd_conf.o
                0x000000000800810c                USBD_LL_Init
 .text.USBD_LL_Start
                0x00000000080081a4       0x36 ./USB_DEVICE/Target/usbd_conf.o
                0x00000000080081a4                USBD_LL_Start
 .text.USBD_LL_OpenEP
                0x00000000080081da       0x4c ./USB_DEVICE/Target/usbd_conf.o
                0x00000000080081da                USBD_LL_OpenEP
 .text.USBD_LL_CloseEP
                0x0000000008008226       0x3e ./USB_DEVICE/Target/usbd_conf.o
                0x0000000008008226                USBD_LL_CloseEP
 .text.USBD_LL_StallEP
                0x0000000008008264       0x3e ./USB_DEVICE/Target/usbd_conf.o
                0x0000000008008264                USBD_LL_StallEP
 .text.USBD_LL_ClearStallEP
                0x00000000080082a2       0x3e ./USB_DEVICE/Target/usbd_conf.o
                0x00000000080082a2                USBD_LL_ClearStallEP
 .text.USBD_LL_IsStallEP
                0x00000000080082e0       0x58 ./USB_DEVICE/Target/usbd_conf.o
                0x00000000080082e0                USBD_LL_IsStallEP
 .text.USBD_LL_SetUSBAddress
                0x0000000008008338       0x3e ./USB_DEVICE/Target/usbd_conf.o
                0x0000000008008338                USBD_LL_SetUSBAddress
 .text.USBD_LL_Transmit
                0x0000000008008376       0x42 ./USB_DEVICE/Target/usbd_conf.o
                0x0000000008008376                USBD_LL_Transmit
 .text.USBD_LL_PrepareReceive
                0x00000000080083b8       0x42 ./USB_DEVICE/Target/usbd_conf.o
                0x00000000080083b8                USBD_LL_PrepareReceive
 *fill*         0x00000000080083fa        0x2 
 .text.USBD_static_malloc
                0x00000000080083fc       0x1c ./USB_DEVICE/Target/usbd_conf.o
                0x00000000080083fc                USBD_static_malloc
 .text.USBD_static_free
                0x0000000008008418       0x14 ./USB_DEVICE/Target/usbd_conf.o
                0x0000000008008418                USBD_static_free
 .text.USBD_Get_USB_Status
                0x000000000800842c       0x58 ./USB_DEVICE/Target/usbd_conf.o
                0x000000000800842c                USBD_Get_USB_Status
 .text.memset   0x0000000008008484       0x10 /home/unclebob/st/stm32cubeide_1.14.0/plugins/com.st.stm32cube.ide.mcu.externaltools.gnu-tools-for-stm32.11.3.rel1.linux64_1.1.100.202309141235/tools/bin/../lib/gcc/arm-none-eabi/11.3.1/../../../../arm-none-eabi/lib/thumb/v7e-m+fp/hard/libc_nano.a(libc_a-memset.o)
                0x0000000008008484                memset
 .text.__libc_init_array
                0x0000000008008494       0x48 /home/unclebob/st/stm32cubeide_1.14.0/plugins/com.st.stm32cube.ide.mcu.externaltools.gnu-tools-for-stm32.11.3.rel1.linux64_1.1.100.202309141235/tools/bin/../lib/gcc/arm-none-eabi/11.3.1/../../../../arm-none-eabi/lib/thumb/v7e-m+fp/hard/libc_nano.a(libc_a-init.o)
                0x0000000008008494                __libc_init_array
 *(.glue_7)
 .glue_7        0x00000000080084dc        0x0 linker stubs
 *(.glue_7t)
 .glue_7t       0x00000000080084dc        0x0 linker stubs
 *(.eh_frame)
 .eh_frame      0x00000000080084dc        0x0 /home/unclebob/st/stm32cubeide_1.14.0/plugins/com.st.stm32cube.ide.mcu.externaltools.gnu-tools-for-stm32.11.3.rel1.linux64_1.1.100.202309141235/tools/bin/../lib/gcc/arm-none-eabi/11.3.1/thumb/v7e-m+fp/hard/crtbegin.o
 *(.init)
 .init          0x00000000080084dc        0x4 /home/unclebob/st/stm32cubeide_1.14.0/plugins/com.st.stm32cube.ide.mcu.externaltools.gnu-tools-for-stm32.11.3.rel1.linux64_1.1.100.202309141235/tools/bin/../lib/gcc/arm-none-eabi/11.3.1/thumb/v7e-m+fp/hard/crti.o
                0x00000000080084dc                _init
 .init          0x00000000080084e0        0x8 /home/unclebob/st/stm32cubeide_1.14.0/plugins/com.st.stm32cube.ide.mcu.externaltools.gnu-tools-for-stm32.11.3.rel1.linux64_1.1.100.202309141235/tools/bin/../lib/gcc/arm-none-eabi/11.3.1/thumb/v7e-m+fp/hard/crtn.o
 *(.fini)
 .fini          0x00000000080084e8        0x4 /home/unclebob/st/stm32cubeide_1.14.0/plugins/com.st.stm32cube.ide.mcu.externaltools.gnu-tools-for-stm32.11.3.rel1.linux64_1.1.100.202309141235/tools/bin/../lib/gcc/arm-none-eabi/11.3.1/thumb/v7e-m+fp/hard/crti.o
                0x00000000080084e8                _fini
 .fini          0x00000000080084ec        0x8 /home/unclebob/st/stm32cubeide_1.14.0/plugins/com.st.stm32cube.ide.mcu.externaltools.gnu-tools-for-stm32.11.3.rel1.linux64_1.1.100.202309141235/tools/bin/../lib/gcc/arm-none-eabi/11.3.1/thumb/v7e-m+fp/hard/crtn.o
                0x00000000080084f4                . = ALIGN (0x4)
                0x00000000080084f4                _etext = .

.vfp11_veneer   0x00000000080084f4        0x0
 .vfp11_veneer  0x00000000080084f4        0x0 linker stubs

.v4_bx          0x00000000080084f4        0x0
 .v4_bx         0x00000000080084f4        0x0 linker stubs

.iplt           0x00000000080084f4        0x0
 .iplt          0x00000000080084f4        0x0 /home/unclebob/st/stm32cubeide_1.14.0/plugins/com.st.stm32cube.ide.mcu.externaltools.gnu-tools-for-stm32.11.3.rel1.linux64_1.1.100.202309141235/tools/bin/../lib/gcc/arm-none-eabi/11.3.1/thumb/v7e-m+fp/hard/crtbegin.o

.rodata         0x00000000080084f4       0x70
                0x00000000080084f4                . = ALIGN (0x4)
 *(.rodata)
 .rodata        0x00000000080084f4       0x5d ./USB_DEVICE/App/usbd_desc.o
 *(.rodata*)
 *fill*         0x0000000008008551        0x3 
 .rodata.AHBPrescTable
                0x0000000008008554       0x10 ./Core/Src/system_stm32f4xx.o
                0x0000000008008554                AHBPrescTable
                0x0000000008008564                . = ALIGN (0x4)

.ARM.extab      0x0000000008008564        0x0
                0x0000000008008564                . = ALIGN (0x4)
 *(.ARM.extab* .gnu.linkonce.armextab.*)
                0x0000000008008564                . = ALIGN (0x4)

.ARM            0x0000000008008564        0x8
                0x0000000008008564                . = ALIGN (0x4)
                0x0000000008008564                __exidx_start = .
 *(.ARM.exidx*)
 .ARM.exidx     0x0000000008008564        0x8 /home/unclebob/st/stm32cubeide_1.14.0/plugins/com.st.stm32cube.ide.mcu.externaltools.gnu-tools-for-stm32.11.3.rel1.linux64_1.1.100.202309141235/tools/bin/../lib/gcc/arm-none-eabi/11.3.1/thumb/v7e-m+fp/hard/libgcc.a(_udivmoddi4.o)
                0x000000000800856c                __exidx_end = .
                0x000000000800856c                . = ALIGN (0x4)

.rel.dyn        0x000000000800856c        0x0
 .rel.iplt      0x000000000800856c        0x0 /home/unclebob/st/stm32cubeide_1.14.0/plugins/com.st.stm32cube.ide.mcu.externaltools.gnu-tools-for-stm32.11.3.rel1.linux64_1.1.100.202309141235/tools/bin/../lib/gcc/arm-none-eabi/11.3.1/thumb/v7e-m+fp/hard/crtbegin.o

.preinit_array  0x000000000800856c        0x0
                0x000000000800856c                . = ALIGN (0x4)
                0x000000000800856c                PROVIDE (__preinit_array_start = .)
 *(.preinit_array*)
                0x000000000800856c                PROVIDE (__preinit_array_end = .)
                0x000000000800856c                . = ALIGN (0x4)

.init_array     0x000000000800856c        0x4
                0x000000000800856c                . = ALIGN (0x4)
                0x000000000800856c                PROVIDE (__init_array_start = .)
 *(SORT_BY_NAME(.init_array.*))
 *(.init_array*)
 .init_array    0x000000000800856c        0x4 /home/unclebob/st/stm32cubeide_1.14.0/plugins/com.st.stm32cube.ide.mcu.externaltools.gnu-tools-for-stm32.11.3.rel1.linux64_1.1.100.202309141235/tools/bin/../lib/gcc/arm-none-eabi/11.3.1/thumb/v7e-m+fp/hard/crtbegin.o
                0x0000000008008570                PROVIDE (__init_array_end = .)
                0x0000000008008570                . = ALIGN (0x4)

.fini_array     0x0000000008008570        0x4
                0x0000000008008570                . = ALIGN (0x4)
                [!provide]                        PROVIDE (__fini_array_start = .)
 *(SORT_BY_NAME(.fini_array.*))
 *(.fini_array*)
 .fini_array    0x0000000008008570        0x4 /home/unclebob/st/stm32cubeide_1.14.0/plugins/com.st.stm32cube.ide.mcu.externaltools.gnu-tools-for-stm32.11.3.rel1.linux64_1.1.100.202309141235/tools/bin/../lib/gcc/arm-none-eabi/11.3.1/thumb/v7e-m+fp/hard/crtbegin.o
                [!provide]                        PROVIDE (__fini_array_end = .)
                0x0000000008008574                . = ALIGN (0x4)
                0x0000000008008574                _sidata = LOADADDR (.data)

.data           0x0000000020000000      0x114 load address 0x0000000008008574
                0x0000000020000000                . = ALIGN (0x4)
                0x0000000020000000                _sdata = .
 *(.data)
 *(.data*)
 .data.SystemCoreClock
                0x0000000020000000        0x4 ./Core/Src/system_stm32f4xx.o
                0x0000000020000000                SystemCoreClock
 .data.uwTickPrio
                0x0000000020000004        0x4 ./Drivers/STM32F4xx_HAL_Driver/Src/stm32f4xx_hal.o
                0x0000000020000004                uwTickPrio
 .data.uwTickFreq
                0x0000000020000008        0x1 ./Drivers/STM32F4xx_HAL_Driver/Src/stm32f4xx_hal.o
                0x0000000020000008                uwTickFreq
 *fill*         0x0000000020000009        0x3 
 .data.USBD_CUSTOM_HID
                0x000000002000000c       0x38 ./Middlewares/ST/STM32_USB_Device_Library/Class/CustomHID/Src/usbd_customhid.o
                0x000000002000000c                USBD_CUSTOM_HID
 .data.USBD_CUSTOM_HID_CfgDesc
                0x0000000020000044       0x29 ./Middlewares/ST/STM32_USB_Device_Library/Class/CustomHID/Src/usbd_customhid.o
 *fill*         0x000000002000006d        0x3 
 .data.USBD_CUSTOM_HID_Desc
                0x0000000020000070        0x9 ./Middlewares/ST/STM32_USB_Device_Library/Class/CustomHID/Src/usbd_customhid.o
 *fill*         0x0000000020000079        0x3 
 .data.USBD_CUSTOM_HID_DeviceQualifierDesc
                0x000000002000007c        0xa ./Middlewares/ST/STM32_USB_Device_Library/Class/CustomHID/Src/usbd_customhid.o
 .data.CUSTOMHIDInEpAdd
                0x0000000020000086        0x1 ./Middlewares/ST/STM32_USB_Device_Library/Class/CustomHID/Src/usbd_customhid.o
 .data.CUSTOMHIDOutEpAdd
                0x0000000020000087        0x1 ./Middlewares/ST/STM32_USB_Device_Library/Class/CustomHID/Src/usbd_customhid.o
 .data.CUSTOM_HID_ReportDesc_FS
                0x0000000020000088       0x2a ./USB_DEVICE/App/usbd_custom_hid_if.o
 *fill*         0x00000000200000b2        0x2 
 .data.USBD_CustomHID_fops_FS
                0x00000000200000b4       0x10 ./USB_DEVICE/App/usbd_custom_hid_if.o
                0x00000000200000b4                USBD_CustomHID_fops_FS
 .data.FS_Desc  0x00000000200000c4       0x1c ./USB_DEVICE/App/usbd_desc.o
                0x00000000200000c4                FS_Desc
 .data.USBD_FS_DeviceDesc
                0x00000000200000e0       0x12 ./USB_DEVICE/App/usbd_desc.o
                0x00000000200000e0                USBD_FS_DeviceDesc
 *fill*         0x00000000200000f2        0x2 
 .data.USBD_LangIDDesc
                0x00000000200000f4        0x4 ./USB_DEVICE/App/usbd_desc.o
                0x00000000200000f4                USBD_LangIDDesc
 .data.USBD_StringSerial
                0x00000000200000f8       0x1a ./USB_DEVICE/App/usbd_desc.o
                0x00000000200000f8                USBD_StringSerial
 *(.RamFunc)
 *(.RamFunc*)
                0x0000000020000114                . = ALIGN (0x4)
 *fill*         0x0000000020000112        0x2 
                0x0000000020000114                _edata = .
                0x0000000008008688                _siccmram = LOADADDR (.ccmram)

.igot.plt       0x0000000020000114        0x0 load address 0x0000000008008688
 .igot.plt      0x0000000020000114        0x0 /home/unclebob/st/stm32cubeide_1.14.0/plugins/com.st.stm32cube.ide.mcu.externaltools.gnu-tools-for-stm32.11.3.rel1.linux64_1.1.100.202309141235/tools/bin/../lib/gcc/arm-none-eabi/11.3.1/thumb/v7e-m+fp/hard/crtbegin.o

.ccmram         0x0000000010000000        0x0 load address 0x0000000008008688
                0x0000000010000000                . = ALIGN (0x4)
                0x0000000010000000                _sccmram = .
 *(.ccmram)
 *(.ccmram*)
                0x0000000010000000                . = ALIGN (0x4)
                0x0000000010000000                _eccmram = .
                0x0000000010000000                . = ALIGN (0x4)

.bss            0x0000000020000114      0xae0
                0x0000000020000114                _sbss = .
                0x0000000020000114                __bss_start__ = _sbss
 *(.bss)
 .bss           0x0000000020000114       0x1c /home/unclebob/st/stm32cubeide_1.14.0/plugins/com.st.stm32cube.ide.mcu.externaltools.gnu-tools-for-stm32.11.3.rel1.linux64_1.1.100.202309141235/tools/bin/../lib/gcc/arm-none-eabi/11.3.1/thumb/v7e-m+fp/hard/crtbegin.o
 *(.bss*)
 .bss.hadc1     0x0000000020000130       0x48 ./Core/Src/main.o
                0x0000000020000130                hadc1
 .bss.hadc2     0x0000000020000178       0x48 ./Core/Src/main.o
                0x0000000020000178                hadc2
 .bss.htim4     0x00000000200001c0       0x48 ./Core/Src/main.o
                0x00000000200001c0                htim4
 .bss.DBG_SIZE_PIN_STATE
                0x0000000020000208        0x4 ./Core/Src/main.o
                0x0000000020000208                DBG_SIZE_PIN_STATE
 .bss.DBG_VAL_PIN_STATE
                0x000000002000020c        0x1 ./Core/Src/main.o
                0x000000002000020c                DBG_VAL_PIN_STATE
 *fill*         0x000000002000020d        0x3 
 .bss.uwTick    0x0000000020000210        0x4 ./Drivers/STM32F4xx_HAL_Driver/Src/stm32f4xx_hal.o
                0x0000000020000210                uwTick
 .bss.cfgidx.0  0x0000000020000214        0x1 ./Middlewares/ST/STM32_USB_Device_Library/Core/Src/usbd_ctlreq.o
 *fill*         0x0000000020000215        0x3 
 .bss.hUsbDeviceFS
                0x0000000020000218      0x2dc ./USB_DEVICE/App/usb_device.o
                0x0000000020000218                hUsbDeviceFS
 .bss.USBD_StrDesc
                0x00000000200004f4      0x200 ./USB_DEVICE/App/usbd_desc.o
                0x00000000200004f4                USBD_StrDesc
 .bss.hpcd_USB_OTG_FS
                0x00000000200006f4      0x4e4 ./USB_DEVICE/Target/usbd_conf.o
                0x00000000200006f4                hpcd_USB_OTG_FS
 .bss.mem.0     0x0000000020000bd8       0x1c ./USB_DEVICE/Target/usbd_conf.o
 *(COMMON)
                0x0000000020000bf4                . = ALIGN (0x4)
                0x0000000020000bf4                _ebss = .
                0x0000000020000bf4                __bss_end__ = _ebss

._user_heap_stack
                0x0000000020000bf4      0x604
                0x0000000020000bf8                . = ALIGN (0x8)
 *fill*         0x0000000020000bf4        0x4 
                [!provide]                        PROVIDE (end = .)
                0x0000000020000bf8                PROVIDE (_end = .)
                0x0000000020000df8                . = (. + _Min_Heap_Size)
 *fill*         0x0000000020000bf8      0x200 
                0x00000000200011f8                . = (. + _Min_Stack_Size)
 *fill*         0x0000000020000df8      0x400 
                0x00000000200011f8                . = ALIGN (0x8)

/DISCARD/
 libc.a(*)
 libm.a(*)
 libgcc.a(*)

.ARM.attributes
                0x0000000000000000       0x30
 *(.ARM.attributes)
 .ARM.attributes
                0x0000000000000000       0x1e /home/unclebob/st/stm32cubeide_1.14.0/plugins/com.st.stm32cube.ide.mcu.externaltools.gnu-tools-for-stm32.11.3.rel1.linux64_1.1.100.202309141235/tools/bin/../lib/gcc/arm-none-eabi/11.3.1/thumb/v7e-m+fp/hard/crti.o
 .ARM.attributes
                0x000000000000001e       0x34 /home/unclebob/st/stm32cubeide_1.14.0/plugins/com.st.stm32cube.ide.mcu.externaltools.gnu-tools-for-stm32.11.3.rel1.linux64_1.1.100.202309141235/tools/bin/../lib/gcc/arm-none-eabi/11.3.1/thumb/v7e-m+fp/hard/crtbegin.o
 .ARM.attributes
                0x0000000000000052       0x34 ./Core/Src/main.o
 .ARM.attributes
                0x0000000000000086       0x34 ./Core/Src/stm32f4xx_hal_msp.o
 .ARM.attributes
                0x00000000000000ba       0x34 ./Core/Src/stm32f4xx_it.o
 .ARM.attributes
                0x00000000000000ee       0x34 ./Core/Src/system_stm32f4xx.o
 .ARM.attributes
                0x0000000000000122       0x21 ./Core/Startup/startup_stm32f407vgtx.o
 .ARM.attributes
                0x0000000000000143       0x34 ./Drivers/STM32F4xx_HAL_Driver/Src/stm32f4xx_hal.o
 .ARM.attributes
                0x0000000000000177       0x34 ./Drivers/STM32F4xx_HAL_Driver/Src/stm32f4xx_hal_adc.o
 .ARM.attributes
                0x00000000000001ab       0x34 ./Drivers/STM32F4xx_HAL_Driver/Src/stm32f4xx_hal_cortex.o
 .ARM.attributes
                0x00000000000001df       0x34 ./Drivers/STM32F4xx_HAL_Driver/Src/stm32f4xx_hal_gpio.o
 .ARM.attributes
                0x0000000000000213       0x34 ./Drivers/STM32F4xx_HAL_Driver/Src/stm32f4xx_hal_pcd.o
 .ARM.attributes
                0x0000000000000247       0x34 ./Drivers/STM32F4xx_HAL_Driver/Src/stm32f4xx_hal_pcd_ex.o
 .ARM.attributes
                0x000000000000027b       0x34 ./Drivers/STM32F4xx_HAL_Driver/Src/stm32f4xx_hal_rcc.o
 .ARM.attributes
                0x00000000000002af       0x34 ./Drivers/STM32F4xx_HAL_Driver/Src/stm32f4xx_hal_tim.o
 .ARM.attributes
                0x00000000000002e3       0x34 ./Drivers/STM32F4xx_HAL_Driver/Src/stm32f4xx_hal_tim_ex.o
 .ARM.attributes
                0x0000000000000317       0x34 ./Drivers/STM32F4xx_HAL_Driver/Src/stm32f4xx_ll_usb.o
 .ARM.attributes
                0x000000000000034b       0x34 ./Middlewares/ST/STM32_USB_Device_Library/Class/CustomHID/Src/usbd_customhid.o
 .ARM.attributes
                0x000000000000037f       0x34 ./Middlewares/ST/STM32_USB_Device_Library/Core/Src/usbd_core.o
 .ARM.attributes
                0x00000000000003b3       0x34 ./Middlewares/ST/STM32_USB_Device_Library/Core/Src/usbd_ctlreq.o
 .ARM.attributes
                0x00000000000003e7       0x34 ./Middlewares/ST/STM32_USB_Device_Library/Core/Src/usbd_ioreq.o
 .ARM.attributes
                0x000000000000041b       0x34 ./USB_DEVICE/App/usb_device.o
 .ARM.attributes
                0x000000000000044f       0x34 ./USB_DEVICE/App/usbd_custom_hid_if.o
 .ARM.attributes
                0x0000000000000483       0x34 ./USB_DEVICE/App/usbd_desc.o
 .ARM.attributes
                0x00000000000004b7       0x34 ./USB_DEVICE/Target/usbd_conf.o
 .ARM.attributes
                0x00000000000004eb       0x34 /home/unclebob/st/stm32cubeide_1.14.0/plugins/com.st.stm32cube.ide.mcu.externaltools.gnu-tools-for-stm32.11.3.rel1.linux64_1.1.100.202309141235/tools/bin/../lib/gcc/arm-none-eabi/11.3.1/../../../../arm-none-eabi/lib/thumb/v7e-m+fp/hard/libc_nano.a(libc_a-memset.o)
 .ARM.attributes
                0x000000000000051f       0x34 /home/unclebob/st/stm32cubeide_1.14.0/plugins/com.st.stm32cube.ide.mcu.externaltools.gnu-tools-for-stm32.11.3.rel1.linux64_1.1.100.202309141235/tools/bin/../lib/gcc/arm-none-eabi/11.3.1/../../../../arm-none-eabi/lib/thumb/v7e-m+fp/hard/libc_nano.a(libc_a-init.o)
 .ARM.attributes
                0x0000000000000553       0x1e /home/unclebob/st/stm32cubeide_1.14.0/plugins/com.st.stm32cube.ide.mcu.externaltools.gnu-tools-for-stm32.11.3.rel1.linux64_1.1.100.202309141235/tools/bin/../lib/gcc/arm-none-eabi/11.3.1/thumb/v7e-m+fp/hard/libgcc.a(_aeabi_uldivmod.o)
 .ARM.attributes
                0x0000000000000571       0x34 /home/unclebob/st/stm32cubeide_1.14.0/plugins/com.st.stm32cube.ide.mcu.externaltools.gnu-tools-for-stm32.11.3.rel1.linux64_1.1.100.202309141235/tools/bin/../lib/gcc/arm-none-eabi/11.3.1/thumb/v7e-m+fp/hard/libgcc.a(_udivmoddi4.o)
 .ARM.attributes
                0x00000000000005a5       0x1e /home/unclebob/st/stm32cubeide_1.14.0/plugins/com.st.stm32cube.ide.mcu.externaltools.gnu-tools-for-stm32.11.3.rel1.linux64_1.1.100.202309141235/tools/bin/../lib/gcc/arm-none-eabi/11.3.1/thumb/v7e-m+fp/hard/libgcc.a(_dvmd_tls.o)
 .ARM.attributes
                0x00000000000005c3       0x1e /home/unclebob/st/stm32cubeide_1.14.0/plugins/com.st.stm32cube.ide.mcu.externaltools.gnu-tools-for-stm32.11.3.rel1.linux64_1.1.100.202309141235/tools/bin/../lib/gcc/arm-none-eabi/11.3.1/thumb/v7e-m+fp/hard/crtn.o
OUTPUT(usb_hid_joystick_to_gamepad.elf elf32-littlearm)
LOAD linker stubs
LOAD /home/unclebob/st/stm32cubeide_1.14.0/plugins/com.st.stm32cube.ide.mcu.externaltools.gnu-tools-for-stm32.11.3.rel1.linux64_1.1.100.202309141235/tools/bin/../lib/gcc/arm-none-eabi/11.3.1/../../../../arm-none-eabi/lib/thumb/v7e-m+fp/hard/libc.a
LOAD /home/unclebob/st/stm32cubeide_1.14.0/plugins/com.st.stm32cube.ide.mcu.externaltools.gnu-tools-for-stm32.11.3.rel1.linux64_1.1.100.202309141235/tools/bin/../lib/gcc/arm-none-eabi/11.3.1/../../../../arm-none-eabi/lib/thumb/v7e-m+fp/hard/libm.a
LOAD /home/unclebob/st/stm32cubeide_1.14.0/plugins/com.st.stm32cube.ide.mcu.externaltools.gnu-tools-for-stm32.11.3.rel1.linux64_1.1.100.202309141235/tools/bin/../lib/gcc/arm-none-eabi/11.3.1/thumb/v7e-m+fp/hard/libgcc.a

.comment        0x0000000000000000       0x43
 .comment       0x0000000000000000       0x43 /home/unclebob/st/stm32cubeide_1.14.0/plugins/com.st.stm32cube.ide.mcu.externaltools.gnu-tools-for-stm32.11.3.rel1.linux64_1.1.100.202309141235/tools/bin/../lib/gcc/arm-none-eabi/11.3.1/thumb/v7e-m+fp/hard/crtbegin.o
                                         0x44 (size before relaxing)
 .comment       0x0000000000000043       0x44 ./Core/Src/main.o
 .comment       0x0000000000000043       0x44 ./Core/Src/stm32f4xx_hal_msp.o
 .comment       0x0000000000000043       0x44 ./Core/Src/stm32f4xx_it.o
 .comment       0x0000000000000043       0x44 ./Core/Src/system_stm32f4xx.o
 .comment       0x0000000000000043       0x44 ./Drivers/STM32F4xx_HAL_Driver/Src/stm32f4xx_hal.o
 .comment       0x0000000000000043       0x44 ./Drivers/STM32F4xx_HAL_Driver/Src/stm32f4xx_hal_adc.o
 .comment       0x0000000000000043       0x44 ./Drivers/STM32F4xx_HAL_Driver/Src/stm32f4xx_hal_cortex.o
 .comment       0x0000000000000043       0x44 ./Drivers/STM32F4xx_HAL_Driver/Src/stm32f4xx_hal_gpio.o
 .comment       0x0000000000000043       0x44 ./Drivers/STM32F4xx_HAL_Driver/Src/stm32f4xx_hal_pcd.o
 .comment       0x0000000000000043       0x44 ./Drivers/STM32F4xx_HAL_Driver/Src/stm32f4xx_hal_pcd_ex.o
 .comment       0x0000000000000043       0x44 ./Drivers/STM32F4xx_HAL_Driver/Src/stm32f4xx_hal_rcc.o
 .comment       0x0000000000000043       0x44 ./Drivers/STM32F4xx_HAL_Driver/Src/stm32f4xx_hal_tim.o
 .comment       0x0000000000000043       0x44 ./Drivers/STM32F4xx_HAL_Driver/Src/stm32f4xx_hal_tim_ex.o
 .comment       0x0000000000000043       0x44 ./Drivers/STM32F4xx_HAL_Driver/Src/stm32f4xx_ll_usb.o
 .comment       0x0000000000000043       0x44 ./Middlewares/ST/STM32_USB_Device_Library/Class/CustomHID/Src/usbd_customhid.o
 .comment       0x0000000000000043       0x44 ./Middlewares/ST/STM32_USB_Device_Library/Core/Src/usbd_core.o
 .comment       0x0000000000000043       0x44 ./Middlewares/ST/STM32_USB_Device_Library/Core/Src/usbd_ctlreq.o
 .comment       0x0000000000000043       0x44 ./Middlewares/ST/STM32_USB_Device_Library/Core/Src/usbd_ioreq.o
 .comment       0x0000000000000043       0x44 ./USB_DEVICE/App/usb_device.o
 .comment       0x0000000000000043       0x44 ./USB_DEVICE/App/usbd_custom_hid_if.o
 .comment       0x0000000000000043       0x44 ./USB_DEVICE/App/usbd_desc.o
 .comment       0x0000000000000043       0x44 ./USB_DEVICE/Target/usbd_conf.o

.debug_info     0x0000000000000000    0x133f0
 .debug_info    0x0000000000000000     0x1926 ./Core/Src/main.o
 .debug_info    0x0000000000001926      0xd61 ./Core/Src/stm32f4xx_hal_msp.o
 .debug_info    0x0000000000002687      0x627 ./Core/Src/stm32f4xx_it.o
 .debug_info    0x0000000000002cae      0x512 ./Core/Src/system_stm32f4xx.o
 .debug_info    0x00000000000031c0       0x23 ./Core/Startup/startup_stm32f407vgtx.o
 .debug_info    0x00000000000031e3      0x944 ./Drivers/STM32F4xx_HAL_Driver/Src/stm32f4xx_hal.o
 .debug_info    0x0000000000003b27      0xcd4 ./Drivers/STM32F4xx_HAL_Driver/Src/stm32f4xx_hal_adc.o
 .debug_info    0x00000000000047fb      0xd57 ./Drivers/STM32F4xx_HAL_Driver/Src/stm32f4xx_hal_cortex.o
 .debug_info    0x0000000000005552      0x6c3 ./Drivers/STM32F4xx_HAL_Driver/Src/stm32f4xx_hal_gpio.o
 .debug_info    0x0000000000005c15     0x156f ./Drivers/STM32F4xx_HAL_Driver/Src/stm32f4xx_hal_pcd.o
 .debug_info    0x0000000000007184      0x6ea ./Drivers/STM32F4xx_HAL_Driver/Src/stm32f4xx_hal_pcd_ex.o
 .debug_info    0x000000000000786e      0x8b1 ./Drivers/STM32F4xx_HAL_Driver/Src/stm32f4xx_hal_rcc.o
 .debug_info    0x000000000000811f     0x299d ./Drivers/STM32F4xx_HAL_Driver/Src/stm32f4xx_hal_tim.o
 .debug_info    0x000000000000aabc     0x14db ./Drivers/STM32F4xx_HAL_Driver/Src/stm32f4xx_hal_tim_ex.o
 .debug_info    0x000000000000bf97     0x1993 ./Drivers/STM32F4xx_HAL_Driver/Src/stm32f4xx_ll_usb.o
 .debug_info    0x000000000000d92a      0xc53 ./Middlewares/ST/STM32_USB_Device_Library/Class/CustomHID/Src/usbd_customhid.o
 .debug_info    0x000000000000e57d      0xe05 ./Middlewares/ST/STM32_USB_Device_Library/Core/Src/usbd_core.o
 .debug_info    0x000000000000f382      0xade ./Middlewares/ST/STM32_USB_Device_Library/Core/Src/usbd_ctlreq.o
 .debug_info    0x000000000000fe60      0x755 ./Middlewares/ST/STM32_USB_Device_Library/Core/Src/usbd_ioreq.o
 .debug_info    0x00000000000105b5      0x6c4 ./USB_DEVICE/App/usb_device.o
 .debug_info    0x0000000000010c79      0x6b6 ./USB_DEVICE/App/usbd_custom_hid_if.o
 .debug_info    0x000000000001132f      0x458 ./USB_DEVICE/App/usbd_desc.o
 .debug_info    0x0000000000011787     0x1c69 ./USB_DEVICE/Target/usbd_conf.o

.debug_abbrev   0x0000000000000000     0x31c6
 .debug_abbrev  0x0000000000000000      0x2eb ./Core/Src/main.o
 .debug_abbrev  0x00000000000002eb      0x1e9 ./Core/Src/stm32f4xx_hal_msp.o
 .debug_abbrev  0x00000000000004d4      0x1a4 ./Core/Src/stm32f4xx_it.o
 .debug_abbrev  0x0000000000000678      0x11a ./Core/Src/system_stm32f4xx.o
 .debug_abbrev  0x0000000000000792       0x12 ./Core/Startup/startup_stm32f407vgtx.o
 .debug_abbrev  0x00000000000007a4      0x214 ./Drivers/STM32F4xx_HAL_Driver/Src/stm32f4xx_hal.o
 .debug_abbrev  0x00000000000009b8      0x252 ./Drivers/STM32F4xx_HAL_Driver/Src/stm32f4xx_hal_adc.o
 .debug_abbrev  0x0000000000000c0a      0x328 ./Drivers/STM32F4xx_HAL_Driver/Src/stm32f4xx_hal_cortex.o
 .debug_abbrev  0x0000000000000f32      0x1d4 ./Drivers/STM32F4xx_HAL_Driver/Src/stm32f4xx_hal_gpio.o
 .debug_abbrev  0x0000000000001106      0x2b9 ./Drivers/STM32F4xx_HAL_Driver/Src/stm32f4xx_hal_pcd.o
 .debug_abbrev  0x00000000000013bf      0x1da ./Drivers/STM32F4xx_HAL_Driver/Src/stm32f4xx_hal_pcd_ex.o
 .debug_abbrev  0x0000000000001599      0x2b6 ./Drivers/STM32F4xx_HAL_Driver/Src/stm32f4xx_hal_rcc.o
 .debug_abbrev  0x000000000000184f      0x278 ./Drivers/STM32F4xx_HAL_Driver/Src/stm32f4xx_hal_tim.o
 .debug_abbrev  0x0000000000001ac7      0x283 ./Drivers/STM32F4xx_HAL_Driver/Src/stm32f4xx_hal_tim_ex.o
 .debug_abbrev  0x0000000000001d4a      0x2b3 ./Drivers/STM32F4xx_HAL_Driver/Src/stm32f4xx_ll_usb.o
 .debug_abbrev  0x0000000000001ffd      0x2d0 ./Middlewares/ST/STM32_USB_Device_Library/Class/CustomHID/Src/usbd_customhid.o
 .debug_abbrev  0x00000000000022cd      0x27c ./Middlewares/ST/STM32_USB_Device_Library/Core/Src/usbd_core.o
 .debug_abbrev  0x0000000000002549      0x26f ./Middlewares/ST/STM32_USB_Device_Library/Core/Src/usbd_ctlreq.o
 .debug_abbrev  0x00000000000027b8      0x19a ./Middlewares/ST/STM32_USB_Device_Library/Core/Src/usbd_ioreq.o
 .debug_abbrev  0x0000000000002952      0x194 ./USB_DEVICE/App/usb_device.o
 .debug_abbrev  0x0000000000002ae6      0x1c0 ./USB_DEVICE/App/usbd_custom_hid_if.o
 .debug_abbrev  0x0000000000002ca6      0x1e1 ./USB_DEVICE/App/usbd_desc.o
 .debug_abbrev  0x0000000000002e87      0x33f ./USB_DEVICE/Target/usbd_conf.o

.debug_aranges  0x0000000000000000     0x1188
 .debug_aranges
                0x0000000000000000       0x60 ./Core/Src/main.o
 .debug_aranges
                0x0000000000000060       0x48 ./Core/Src/stm32f4xx_hal_msp.o
 .debug_aranges
                0x00000000000000a8       0x68 ./Core/Src/stm32f4xx_it.o
 .debug_aranges
                0x0000000000000110       0x28 ./Core/Src/system_stm32f4xx.o
 .debug_aranges
                0x0000000000000138       0x28 ./Core/Startup/startup_stm32f407vgtx.o
 .debug_aranges
                0x0000000000000160       0xf0 ./Drivers/STM32F4xx_HAL_Driver/Src/stm32f4xx_hal.o
 .debug_aranges
                0x0000000000000250       0xe8 ./Drivers/STM32F4xx_HAL_Driver/Src/stm32f4xx_hal_adc.o
 .debug_aranges
                0x0000000000000338      0x120 ./Drivers/STM32F4xx_HAL_Driver/Src/stm32f4xx_hal_cortex.o
 .debug_aranges
                0x0000000000000458       0x58 ./Drivers/STM32F4xx_HAL_Driver/Src/stm32f4xx_hal_gpio.o
 .debug_aranges
                0x00000000000004b0      0x148 ./Drivers/STM32F4xx_HAL_Driver/Src/stm32f4xx_hal_pcd.o
 .debug_aranges
                0x00000000000005f8       0x38 ./Drivers/STM32F4xx_HAL_Driver/Src/stm32f4xx_hal_pcd_ex.o
 .debug_aranges
                0x0000000000000630       0x88 ./Drivers/STM32F4xx_HAL_Driver/Src/stm32f4xx_hal_rcc.o
 .debug_aranges
                0x00000000000006b8      0x3d0 ./Drivers/STM32F4xx_HAL_Driver/Src/stm32f4xx_hal_tim.o
 .debug_aranges
                0x0000000000000a88      0x168 ./Drivers/STM32F4xx_HAL_Driver/Src/stm32f4xx_hal_tim_ex.o
 .debug_aranges
                0x0000000000000bf0      0x1a0 ./Drivers/STM32F4xx_HAL_Driver/Src/stm32f4xx_ll_usb.o
 .debug_aranges
                0x0000000000000d90       0x80 ./Middlewares/ST/STM32_USB_Device_Library/Class/CustomHID/Src/usbd_customhid.o
 .debug_aranges
                0x0000000000000e10       0xd8 ./Middlewares/ST/STM32_USB_Device_Library/Core/Src/usbd_core.o
 .debug_aranges
                0x0000000000000ee8       0x90 ./Middlewares/ST/STM32_USB_Device_Library/Core/Src/usbd_ctlreq.o
 .debug_aranges
                0x0000000000000f78       0x50 ./Middlewares/ST/STM32_USB_Device_Library/Core/Src/usbd_ioreq.o
 .debug_aranges
                0x0000000000000fc8       0x20 ./USB_DEVICE/App/usb_device.o
 .debug_aranges
                0x0000000000000fe8       0x30 ./USB_DEVICE/App/usbd_custom_hid_if.o
 .debug_aranges
                0x0000000000001018       0x60 ./USB_DEVICE/App/usbd_desc.o
 .debug_aranges
                0x0000000000001078      0x110 ./USB_DEVICE/Target/usbd_conf.o

.debug_rnglists
                0x0000000000000000      0xd5e
 .debug_rnglists
                0x0000000000000000       0x4b ./Core/Src/main.o
 .debug_rnglists
                0x000000000000004b       0x32 ./Core/Src/stm32f4xx_hal_msp.o
 .debug_rnglists
                0x000000000000007d       0x49 ./Core/Src/stm32f4xx_it.o
 .debug_rnglists
                0x00000000000000c6       0x1a ./Core/Src/system_stm32f4xx.o
 .debug_rnglists
                0x00000000000000e0       0x19 ./Core/Startup/startup_stm32f407vgtx.o
 .debug_rnglists
                0x00000000000000f9       0xaf ./Drivers/STM32F4xx_HAL_Driver/Src/stm32f4xx_hal.o
 .debug_rnglists
                0x00000000000001a8       0xb5 ./Drivers/STM32F4xx_HAL_Driver/Src/stm32f4xx_hal_adc.o
 .debug_rnglists
                0x000000000000025d       0xd4 ./Drivers/STM32F4xx_HAL_Driver/Src/stm32f4xx_hal_cortex.o
 .debug_rnglists
                0x0000000000000331       0x3f ./Drivers/STM32F4xx_HAL_Driver/Src/stm32f4xx_hal_gpio.o
 .debug_rnglists
                0x0000000000000370       0xfa ./Drivers/STM32F4xx_HAL_Driver/Src/stm32f4xx_hal_pcd.o
 .debug_rnglists
                0x000000000000046a       0x26 ./Drivers/STM32F4xx_HAL_Driver/Src/stm32f4xx_hal_pcd_ex.o
 .debug_rnglists
                0x0000000000000490       0x66 ./Drivers/STM32F4xx_HAL_Driver/Src/stm32f4xx_hal_rcc.o
 .debug_rnglists
                0x00000000000004f6      0x31a ./Drivers/STM32F4xx_HAL_Driver/Src/stm32f4xx_hal_tim.o
 .debug_rnglists
                0x0000000000000810      0x125 ./Drivers/STM32F4xx_HAL_Driver/Src/stm32f4xx_hal_tim_ex.o
 .debug_rnglists
                0x0000000000000935      0x147 ./Drivers/STM32F4xx_HAL_Driver/Src/stm32f4xx_ll_usb.o
 .debug_rnglists
                0x0000000000000a7c       0x5e ./Middlewares/ST/STM32_USB_Device_Library/Class/CustomHID/Src/usbd_customhid.o
 .debug_rnglists
                0x0000000000000ada       0xa1 ./Middlewares/ST/STM32_USB_Device_Library/Core/Src/usbd_core.o
 .debug_rnglists
                0x0000000000000b7b       0x6e ./Middlewares/ST/STM32_USB_Device_Library/Core/Src/usbd_ctlreq.o
 .debug_rnglists
                0x0000000000000be9       0x37 ./Middlewares/ST/STM32_USB_Device_Library/Core/Src/usbd_ioreq.o
 .debug_rnglists
                0x0000000000000c20       0x13 ./USB_DEVICE/App/usb_device.o
 .debug_rnglists
                0x0000000000000c33       0x1f ./USB_DEVICE/App/usbd_custom_hid_if.o
 .debug_rnglists
                0x0000000000000c52       0x43 ./USB_DEVICE/App/usbd_desc.o
 .debug_rnglists
                0x0000000000000c95       0xc9 ./USB_DEVICE/Target/usbd_conf.o

.debug_macro    0x0000000000000000    0x24b12
 .debug_macro   0x0000000000000000      0x3bf ./Core/Src/main.o
 .debug_macro   0x00000000000003bf      0xaa8 ./Core/Src/main.o
 .debug_macro   0x0000000000000e67      0x2a1 ./Core/Src/main.o
 .debug_macro   0x0000000000001108       0x2e ./Core/Src/main.o
 .debug_macro   0x0000000000001136       0x2f ./Core/Src/main.o
 .debug_macro   0x0000000000001165       0x22 ./Core/Src/main.o
 .debug_macro   0x0000000000001187       0x8e ./Core/Src/main.o
 .debug_macro   0x0000000000001215       0x51 ./Core/Src/main.o
 .debug_macro   0x0000000000001266      0x103 ./Core/Src/main.o
 .debug_macro   0x0000000000001369       0x6a ./Core/Src/main.o
 .debug_macro   0x00000000000013d3      0x1df ./Core/Src/main.o
 .debug_macro   0x00000000000015b2       0x1c ./Core/Src/main.o
 .debug_macro   0x00000000000015ce       0x22 ./Core/Src/main.o
 .debug_macro   0x00000000000015f0       0xfb ./Core/Src/main.o
 .debug_macro   0x00000000000016eb     0x1011 ./Core/Src/main.o
 .debug_macro   0x00000000000026fc      0x11f ./Core/Src/main.o
 .debug_macro   0x000000000000281b    0x15e97 ./Core/Src/main.o
 .debug_macro   0x00000000000186b2       0x6d ./Core/Src/main.o
 .debug_macro   0x000000000001871f     0x368c ./Core/Src/main.o
 .debug_macro   0x000000000001bdab      0x174 ./Core/Src/main.o
 .debug_macro   0x000000000001bf1f       0x5c ./Core/Src/main.o
 .debug_macro   0x000000000001bf7b      0x980 ./Core/Src/main.o
 .debug_macro   0x000000000001c8fb      0x9e9 ./Core/Src/main.o
 .debug_macro   0x000000000001d2e4      0x115 ./Core/Src/main.o
 .debug_macro   0x000000000001d3f9      0x13e ./Core/Src/main.o
 .debug_macro   0x000000000001d537       0xa5 ./Core/Src/main.o
 .debug_macro   0x000000000001d5dc      0x174 ./Core/Src/main.o
 .debug_macro   0x000000000001d750      0x287 ./Core/Src/main.o
 .debug_macro   0x000000000001d9d7       0x5f ./Core/Src/main.o
 .debug_macro   0x000000000001da36      0x236 ./Core/Src/main.o
 .debug_macro   0x000000000001dc6c      0xb5b ./Core/Src/main.o
 .debug_macro   0x000000000001e7c7      0x38b ./Core/Src/main.o
 .debug_macro   0x000000000001eb52      0x176 ./Core/Src/main.o
 .debug_macro   0x000000000001ecc8       0xf9 ./Core/Src/main.o
 .debug_macro   0x000000000001edc1      0x12c ./Core/Src/main.o
 .debug_macro   0x000000000001eeed      0x21e ./Core/Src/main.o
 .debug_macro   0x000000000001f10b       0x2e ./Core/Src/main.o
 .debug_macro   0x000000000001f139      0x127 ./Core/Src/main.o
 .debug_macro   0x000000000001f260       0x7e ./Core/Src/main.o
 .debug_macro   0x000000000001f2de       0x89 ./Core/Src/main.o
 .debug_macro   0x000000000001f367      0x8ed ./Core/Src/main.o
 .debug_macro   0x000000000001fc54       0x4d ./Core/Src/main.o
 .debug_macro   0x000000000001fca1      0x293 ./Core/Src/main.o
 .debug_macro   0x000000000001ff34       0xba ./Core/Src/main.o
 .debug_macro   0x000000000001ffee      0x12d ./Core/Src/main.o
 .debug_macro   0x000000000002011b       0x61 ./Core/Src/main.o
 .debug_macro   0x000000000002017c       0x2a ./Core/Src/main.o
 .debug_macro   0x00000000000201a6       0x43 ./Core/Src/main.o
 .debug_macro   0x00000000000201e9       0x34 ./Core/Src/main.o
 .debug_macro   0x000000000002021d       0x16 ./Core/Src/main.o
 .debug_macro   0x0000000000020233       0x35 ./Core/Src/main.o
 .debug_macro   0x0000000000020268      0x369 ./Core/Src/main.o
 .debug_macro   0x00000000000205d1       0x10 ./Core/Src/main.o
 .debug_macro   0x00000000000205e1       0x16 ./Core/Src/main.o
 .debug_macro   0x00000000000205f7       0x43 ./Core/Src/main.o
 .debug_macro   0x000000000002063a       0x34 ./Core/Src/main.o
 .debug_macro   0x000000000002066e       0x10 ./Core/Src/main.o
 .debug_macro   0x000000000002067e       0x58 ./Core/Src/main.o
 .debug_macro   0x00000000000206d6       0x8e ./Core/Src/main.o
 .debug_macro   0x0000000000020764       0x1c ./Core/Src/main.o
 .debug_macro   0x0000000000020780      0x177 ./Core/Src/main.o
 .debug_macro   0x00000000000208f7       0x16 ./Core/Src/main.o
 .debug_macro   0x000000000002090d       0x16 ./Core/Src/main.o
 .debug_macro   0x0000000000020923      0x147 ./Core/Src/main.o
 .debug_macro   0x0000000000020a6a       0x16 ./Core/Src/main.o
 .debug_macro   0x0000000000020a80       0x16 ./Core/Src/main.o
 .debug_macro   0x0000000000020a96       0x29 ./Core/Src/main.o
 .debug_macro   0x0000000000020abf       0x16 ./Core/Src/main.o
 .debug_macro   0x0000000000020ad5       0x20 ./Core/Src/main.o
 .debug_macro   0x0000000000020af5       0x78 ./Core/Src/main.o
 .debug_macro   0x0000000000020b6d      0x20f ./Core/Src/main.o
 .debug_macro   0x0000000000020d7c       0x65 ./Core/Src/main.o
 .debug_macro   0x0000000000020de1      0x21a ./Core/Src/stm32f4xx_hal_msp.o
 .debug_macro   0x0000000000020ffb      0x224 ./Core/Src/stm32f4xx_it.o
 .debug_macro   0x000000000002121f      0x210 ./Core/Src/system_stm32f4xx.o
 .debug_macro   0x000000000002142f      0x270 ./Drivers/STM32F4xx_HAL_Driver/Src/stm32f4xx_hal.o
 .debug_macro   0x000000000002169f      0x211 ./Drivers/STM32F4xx_HAL_Driver/Src/stm32f4xx_hal_adc.o
 .debug_macro   0x00000000000218b0      0x210 ./Drivers/STM32F4xx_HAL_Driver/Src/stm32f4xx_hal_cortex.o
 .debug_macro   0x0000000000021ac0      0x216 ./Drivers/STM32F4xx_HAL_Driver/Src/stm32f4xx_hal_gpio.o
 .debug_macro   0x0000000000021cd6      0x21c ./Drivers/STM32F4xx_HAL_Driver/Src/stm32f4xx_hal_pcd.o
 .debug_macro   0x0000000000021ef2      0x210 ./Drivers/STM32F4xx_HAL_Driver/Src/stm32f4xx_hal_pcd_ex.o
 .debug_macro   0x0000000000022102      0x234 ./Drivers/STM32F4xx_HAL_Driver/Src/stm32f4xx_hal_rcc.o
 .debug_macro   0x0000000000022336      0x211 ./Drivers/STM32F4xx_HAL_Driver/Src/stm32f4xx_hal_tim.o
 .debug_macro   0x0000000000022547      0x210 ./Drivers/STM32F4xx_HAL_Driver/Src/stm32f4xx_hal_tim_ex.o
 .debug_macro   0x0000000000022757      0x210 ./Drivers/STM32F4xx_HAL_Driver/Src/stm32f4xx_ll_usb.o
 .debug_macro   0x0000000000022967      0x3a9 ./Middlewares/ST/STM32_USB_Device_Library/Class/CustomHID/Src/usbd_customhid.o
 .debug_macro   0x0000000000022d10       0x97 ./Middlewares/ST/STM32_USB_Device_Library/Class/CustomHID/Src/usbd_customhid.o
 .debug_macro   0x0000000000022da7       0xfd ./Middlewares/ST/STM32_USB_Device_Library/Class/CustomHID/Src/usbd_customhid.o
 .debug_macro   0x0000000000022ea4       0x56 ./Middlewares/ST/STM32_USB_Device_Library/Class/CustomHID/Src/usbd_customhid.o
 .debug_macro   0x0000000000022efa      0x390 ./Middlewares/ST/STM32_USB_Device_Library/Core/Src/usbd_core.o
 .debug_macro   0x000000000002328a      0x215 ./Middlewares/ST/STM32_USB_Device_Library/Core/Src/usbd_core.o
 .debug_macro   0x000000000002349f      0x39a ./Middlewares/ST/STM32_USB_Device_Library/Core/Src/usbd_ctlreq.o
 .debug_macro   0x0000000000023839      0x396 ./Middlewares/ST/STM32_USB_Device_Library/Core/Src/usbd_ioreq.o
 .debug_macro   0x0000000000023bcf      0x3d0 ./USB_DEVICE/App/usb_device.o
 .debug_macro   0x0000000000023f9f       0x22 ./USB_DEVICE/App/usb_device.o
 .debug_macro   0x0000000000023fc1      0x3af ./USB_DEVICE/App/usbd_custom_hid_if.o
 .debug_macro   0x0000000000024370      0x3d3 ./USB_DEVICE/App/usbd_desc.o
 .debug_macro   0x0000000000024743       0x1c ./USB_DEVICE/App/usbd_desc.o
 .debug_macro   0x000000000002475f      0x3b3 ./USB_DEVICE/Target/usbd_conf.o

.debug_line     0x0000000000000000    0x1577c
 .debug_line    0x0000000000000000      0xd23 ./Core/Src/main.o
 .debug_line    0x0000000000000d23      0x80d ./Core/Src/stm32f4xx_hal_msp.o
 .debug_line    0x0000000000001530      0x80c ./Core/Src/stm32f4xx_it.o
 .debug_line    0x0000000000001d3c      0x7b3 ./Core/Src/system_stm32f4xx.o
 .debug_line    0x00000000000024ef       0x7a ./Core/Startup/startup_stm32f407vgtx.o
 .debug_line    0x0000000000002569      0xa19 ./Drivers/STM32F4xx_HAL_Driver/Src/stm32f4xx_hal.o
 .debug_line    0x0000000000002f82     0x1299 ./Drivers/STM32F4xx_HAL_Driver/Src/stm32f4xx_hal_adc.o
 .debug_line    0x000000000000421b      0xce5 ./Drivers/STM32F4xx_HAL_Driver/Src/stm32f4xx_hal_cortex.o
 .debug_line    0x0000000000004f00      0xb8d ./Drivers/STM32F4xx_HAL_Driver/Src/stm32f4xx_hal_gpio.o
 .debug_line    0x0000000000005a8d     0x14a7 ./Drivers/STM32F4xx_HAL_Driver/Src/stm32f4xx_hal_pcd.o
 .debug_line    0x0000000000006f34      0x7fc ./Drivers/STM32F4xx_HAL_Driver/Src/stm32f4xx_hal_pcd_ex.o
 .debug_line    0x0000000000007730      0xd92 ./Drivers/STM32F4xx_HAL_Driver/Src/stm32f4xx_hal_rcc.o
 .debug_line    0x00000000000084c2     0x37a5 ./Drivers/STM32F4xx_HAL_Driver/Src/stm32f4xx_hal_tim.o
 .debug_line    0x000000000000bc67     0x1a15 ./Drivers/STM32F4xx_HAL_Driver/Src/stm32f4xx_hal_tim_ex.o
 .debug_line    0x000000000000d67c     0x1be0 ./Drivers/STM32F4xx_HAL_Driver/Src/stm32f4xx_ll_usb.o
 .debug_line    0x000000000000f25c      0xdac ./Middlewares/ST/STM32_USB_Device_Library/Class/CustomHID/Src/usbd_customhid.o
 .debug_line    0x0000000000010008      0xf2e ./Middlewares/ST/STM32_USB_Device_Library/Core/Src/usbd_core.o
 .debug_line    0x0000000000010f36     0x111b ./Middlewares/ST/STM32_USB_Device_Library/Core/Src/usbd_ctlreq.o
 .debug_line    0x0000000000012051      0xa45 ./Middlewares/ST/STM32_USB_Device_Library/Core/Src/usbd_ioreq.o
 .debug_line    0x0000000000012a96      0xa14 ./USB_DEVICE/App/usb_device.o
 .debug_line    0x00000000000134aa      0xa15 ./USB_DEVICE/App/usbd_custom_hid_if.o
 .debug_line    0x0000000000013ebf      0xaca ./USB_DEVICE/App/usbd_desc.o
 .debug_line    0x0000000000014989      0xdf3 ./USB_DEVICE/Target/usbd_conf.o

.debug_str      0x0000000000000000    0xd91a7
 .debug_str     0x0000000000000000    0xd4a1d ./Core/Src/main.o
                                      0xd4e77 (size before relaxing)
 .debug_str     0x00000000000d4a1d       0xbb ./Core/Src/stm32f4xx_hal_msp.o
                                      0xcfff4 (size before relaxing)
 .debug_str     0x00000000000d4ad8      0x450 ./Core/Src/stm32f4xx_it.o
                                      0xcfbc7 (size before relaxing)
 .debug_str     0x00000000000d4f28       0xdb ./Core/Src/system_stm32f4xx.o
                                      0xcf8be (size before relaxing)
 .debug_str     0x00000000000d5003       0x34 ./Core/Startup/startup_stm32f407vgtx.o
                                         0x75 (size before relaxing)
 .debug_str     0x00000000000d5037      0xae0 ./Drivers/STM32F4xx_HAL_Driver/Src/stm32f4xx_hal.o
                                      0xd0442 (size before relaxing)
 .debug_str     0x00000000000d5b17      0x287 ./Drivers/STM32F4xx_HAL_Driver/Src/stm32f4xx_hal_adc.o
                                      0xcfeab (size before relaxing)
 .debug_str     0x00000000000d5d9e      0x35a ./Drivers/STM32F4xx_HAL_Driver/Src/stm32f4xx_hal_cortex.o
                                      0xd018c (size before relaxing)
 .debug_str     0x00000000000d60f8      0x122 ./Drivers/STM32F4xx_HAL_Driver/Src/stm32f4xx_hal_gpio.o
                                      0xcfa39 (size before relaxing)
 .debug_str     0x00000000000d621a      0x831 ./Drivers/STM32F4xx_HAL_Driver/Src/stm32f4xx_hal_pcd.o
                                      0xd039c (size before relaxing)
 .debug_str     0x00000000000d6a4b      0x115 ./Drivers/STM32F4xx_HAL_Driver/Src/stm32f4xx_hal_pcd_ex.o
                                      0xcfc8c (size before relaxing)
 .debug_str     0x00000000000d6b60      0x21f ./Drivers/STM32F4xx_HAL_Driver/Src/stm32f4xx_hal_rcc.o
                                      0xcfcf2 (size before relaxing)
 .debug_str     0x00000000000d6d7f      0xd70 ./Drivers/STM32F4xx_HAL_Driver/Src/stm32f4xx_hal_tim.o
                                      0xd0c48 (size before relaxing)
 .debug_str     0x00000000000d7aef      0x493 ./Drivers/STM32F4xx_HAL_Driver/Src/stm32f4xx_hal_tim_ex.o
                                      0xd0454 (size before relaxing)
 .debug_str     0x00000000000d7f82      0x4ad ./Drivers/STM32F4xx_HAL_Driver/Src/stm32f4xx_ll_usb.o
                                      0xd0277 (size before relaxing)